// Jest Snapshot v1, https://goo.gl/fbAQLP

exports[`#fetchSQLInstances should collect data 1`] = `
Object {
  "collectedEntities": Array [
    Object {
      "_class": Array [
        "Account",
      ],
      "_key": "j1-gc-integration-dev-300716",
      "_rawData": Array [
        Object {
          "name": "default",
          "rawData": Object {
            "createTime": "2021-01-04T16:56:24.926Z",
            "lifecycleState": "ACTIVE",
            "name": "j1-gc-integration-dev",
            "parent": Object {
              "id": "590372371675",
              "type": "organization",
            },
            "projectId": "j1-gc-integration-dev-300716",
            "projectNumber": "165882964161",
          },
        },
      ],
      "_type": "google_cloud_project",
      "createdOn": 1609779384926,
      "displayName": "j1-gc-integration-dev",
      "lifecycleState": "ACTIVE",
      "name": "j1-gc-integration-dev",
      "parent.id": "590372371675",
      "parent.type": "organization",
      "projectNumber": "165882964161",
    },
    Object {
      "_class": Array [
        "Database",
      ],
      "_key": "j1-gc-integration-dev-300716:us-central1:cloud-sql-postgres-b150e56d8488b376",
      "_rawData": Array [
        Object {
          "name": "default",
          "rawData": Object {
            "backendType": "SECOND_GEN",
            "connectionName": "j1-gc-integration-dev-300716:us-central1:cloud-sql-postgres-b150e56d8488b376",
            "databaseVersion": "POSTGRES_12",
            "etag": "fec1e7299714066c6fa530a2d645741bbc535d38bd0eab7074051d4455fd1a4e",
            "gceZone": "us-central1-f",
            "instanceType": "CLOUD_SQL_INSTANCE",
            "ipAddresses": Array [
              Object {
                "ipAddress": "35.238.236.140",
                "type": "PRIMARY",
              },
            ],
            "kind": "sql#instance",
            "name": "cloud-sql-postgres-b150e56d8488b376",
            "project": "j1-gc-integration-dev-300716",
            "region": "us-central1",
            "selfLink": "https://www.googleapis.com/sql/v1beta4/projects/j1-gc-integration-dev-300716/instances/cloud-sql-postgres-b150e56d8488b376",
            "serverCaCert": Object {
              "cert": "-----BEGIN CERTIFICATE-----
MIIDfzCCAmegAwIBAgIBADANBgkqhkiG9w0BAQsFADB3MS0wKwYDVQQuEyQxYjIy
ZmE0YS1iYWE4LTQ0NmUtYjdhMC0yMzM3Yzg2ZTE1YmExIzAhBgNVBAMTGkdvb2ds
ZSBDbG91ZCBTUUwgU2VydmVyIENBMRQwEgYDVQQKEwtHb29nbGUsIEluYzELMAkG
A1UEBhMCVVMwHhcNMjEwMTE3MjIyMTE0WhcNMzEwMTE1MjIyMjE0WjB3MS0wKwYD
VQQuEyQxYjIyZmE0YS1iYWE4LTQ0NmUtYjdhMC0yMzM3Yzg2ZTE1YmExIzAhBgNV
BAMTGkdvb2dsZSBDbG91ZCBTUUwgU2VydmVyIENBMRQwEgYDVQQKEwtHb29nbGUs
IEluYzELMAkGA1UEBhMCVVMwggEiMA0GCSqGSIb3DQEBAQUAA4IBDwAwggEKAoIB
AQCZd6VzhW5aLVuoZ1zc4RWT02Gg+6Px1fxsOYqzccZ5rYLr/BdjP1RoPAtLQwEA
2dflZn9N1KAEraCorppXTa0od3xpFQrMIYi2zLuyXZ3s8pQ3EHdVPQoa2PVkbGOH
bVozRlPGhnwO/O5/zbEaZasrOeO4m0qOzIVEcwO4MGYOtiI49o3qKbWoF/wf7JsG
zWomAVvQQdkhBprTy+E2JgJxN8P/clQ/0aJQTs3FZMwvEL+BElzMQJPGiH02SqRT
KiPx1Q++a9xGeV2BVzwU7BEIxCkRmLYd2ydCASvbt0lLB6zYCIqzy0nvf+NlPkpq
fTt1h+Fp5AQMz9dvsD/jKzOBAgMBAAGjFjAUMBIGA1UdEwEB/wQIMAYBAf8CAQAw
DQYJKoZIhvcNAQELBQADggEBABxTljxkWOXoKCc57cCsrmHtg2gK3DLkalJuyqnY
/8p6bSHTqK31v6FysgzHLrCU5efOVW7NsRUBafuNAU6244b05RtjOF6a5xPJLVfx
cyY0krciDi0IE5gOgCr/f+0R3Y19y/+PqYnogkMXshdOD7h9VwqyLCaGsuc+Mjcx
COvJ6FC+TuGDBJz+KnxMPIZgrB3b1mpAjRFrvW0yJYi8iRwvxvShmhz6QxpEXY/0
xt8kXLb2r/M5krTTh/mp28/0tgc85mJPbVLo6blLyHrwxBBnpWHKCBIr98YReu+I
91KU/+mokZnf2hQWVMyUP+Fnt/9cuOPgDV3dgMjFwgO/pGM=
-----END CERTIFICATE-----",
              "certSerialNumber": "0",
              "commonName": "C=US,O=Google\\\\, Inc,CN=Google Cloud SQL Server CA,dnQualifier=1b22fa4a-baa8-446e-b7a0-2337c86e15ba",
              "createTime": "2021-01-17T22:21:14.708Z",
              "expirationTime": "2031-01-15T22:22:14.708Z",
              "instance": "cloud-sql-postgres-b150e56d8488b376",
              "kind": "sql#sslCert",
              "sha1Fingerprint": "fdf1f3e2e657dd41b0f184f40f31135de1783cf9",
            },
            "serviceAccountEmailAddress": "p165882964161-zydq2b@gcp-sa-cloud-sql.iam.gserviceaccount.com",
            "settings": Object {
              "activationPolicy": "ALWAYS",
              "authorizedGaeApplications": Array [],
              "availabilityType": "ZONAL",
              "backupConfiguration": Object {
                "backupRetentionSettings": Object {
                  "retainedBackups": 7,
                  "retentionUnit": "COUNT",
                },
                "enabled": false,
                "kind": "sql#backupConfiguration",
                "location": "us",
                "pointInTimeRecoveryEnabled": false,
                "replicationLogArchivingEnabled": false,
                "startTime": "14:00",
                "transactionLogRetentionDays": 7,
              },
              "dataDiskSizeGb": "10",
              "dataDiskType": "PD_SSD",
              "databaseFlags": Array [
                Object {
                  "name": "log_connections",
                  "value": "on",
                },
              ],
              "ipConfiguration": Object {
                "authorizedNetworks": Array [],
                "ipv4Enabled": true,
              },
              "kind": "sql#settings",
              "locationPreference": Object {
                "kind": "sql#locationPreference",
                "zone": "us-central1-f",
              },
              "maintenanceWindow": Object {
                "day": 0,
                "hour": 0,
                "kind": "sql#maintenanceWindow",
              },
              "pricingPlan": "PER_USE",
              "replicationType": "SYNCHRONOUS",
              "settingsVersion": "2",
              "storageAutoResize": true,
              "storageAutoResizeLimit": "0",
              "tier": "db-f1-micro",
            },
            "state": "RUNNABLE",
          },
        },
      ],
      "_type": "google_sql_postgres_instance",
      "authorizedNetworks": Array [],
      "automatedBackupsEnabled": false,
      "createdOn": undefined,
      "displayName": "cloud-sql-postgres-b150e56d8488b376",
      "encrypted": true,
      "hasPublicIP": true,
      "location": "j1-gc-integration-dev-300716:us-central1:cloud-sql-postgres-b150e56d8488b376",
      "logCheckpoints": undefined,
      "logConnections": "on",
      "logDisconnections": undefined,
      "logLockWaits": undefined,
      "logMinDurationStatement": undefined,
      "logMinErrorStatement": undefined,
      "logTempFiles": undefined,
      "name": "cloud-sql-postgres-b150e56d8488b376",
      "requireSSL": undefined,
    },
    Object {
      "_class": Array [
        "Database",
      ],
      "_key": "j1-gc-integration-dev-300716:us-central1:cloud-sql-mysql-b150e56d8488b376",
      "_rawData": Array [
        Object {
          "name": "default",
          "rawData": Object {
            "backendType": "SECOND_GEN",
            "connectionName": "j1-gc-integration-dev-300716:us-central1:cloud-sql-mysql-b150e56d8488b376",
            "databaseVersion": "MYSQL_5_7",
            "etag": "5f0d52ebc3759f6d21b11e1253de9950f0da3f1f482f6384a61ffbd87683df65",
            "gceZone": "us-central1-f",
            "instanceType": "CLOUD_SQL_INSTANCE",
            "ipAddresses": Array [
              Object {
                "ipAddress": "104.197.53.88",
                "type": "PRIMARY",
              },
            ],
            "kind": "sql#instance",
            "name": "cloud-sql-mysql-b150e56d8488b376",
            "project": "j1-gc-integration-dev-300716",
            "region": "us-central1",
            "selfLink": "https://www.googleapis.com/sql/v1beta4/projects/j1-gc-integration-dev-300716/instances/cloud-sql-mysql-b150e56d8488b376",
            "serverCaCert": Object {
              "cert": "-----BEGIN CERTIFICATE-----
MIIDfzCCAmegAwIBAgIBADANBgkqhkiG9w0BAQsFADB3MS0wKwYDVQQuEyQ1NWVi
MzRjNy1hZTYxLTQ3NmEtYjQ4Yi1hNjFmN2Y3OGNhYmYxIzAhBgNVBAMTGkdvb2ds
ZSBDbG91ZCBTUUwgU2VydmVyIENBMRQwEgYDVQQKEwtHb29nbGUsIEluYzELMAkG
A1UEBhMCVVMwHhcNMjEwMTE3MjMwOTU5WhcNMzEwMTE1MjMxMDU5WjB3MS0wKwYD
VQQuEyQ1NWViMzRjNy1hZTYxLTQ3NmEtYjQ4Yi1hNjFmN2Y3OGNhYmYxIzAhBgNV
BAMTGkdvb2dsZSBDbG91ZCBTUUwgU2VydmVyIENBMRQwEgYDVQQKEwtHb29nbGUs
IEluYzELMAkGA1UEBhMCVVMwggEiMA0GCSqGSIb3DQEBAQUAA4IBDwAwggEKAoIB
AQC1i6x41zra53w9lMklwlrPBE2qpNUnyzuB5Qj1DlJIZwh7sFZpwXsbNTL/U/Kd
YxTCLBAIZqmKx16+takurHuBSemGMROWiP7KBbUH+Mh6Xlg0gVaKtD00eG9zBUAu
SYy8S5OVu/sylQ5ZyxFj5ZLXknarqcqhvIzmwdk6pSR6pGYoZRQ3F04SembrJaL2
RdufAZ2kQ6Yi9HQ5nyTkyG5tBomOQK/GX2iWvxl7UkW1NZuyOf4StRgK6GrvJ5qr
wvZoZ068QA3SywDl/ZCwSHobTNqezIj2qG8ZSjDAmqkPnjpaIUl5YRW0Mi/A4q+W
Z1nKv+rTStpzHz0ySIy/aEePAgMBAAGjFjAUMBIGA1UdEwEB/wQIMAYBAf8CAQAw
DQYJKoZIhvcNAQELBQADggEBAIb48C8tY6JbALYRNoJCkjzAujEWAGv9qN9f47IN
ydN+NFbd5tYuxrDrMI0hMz+xQMswTBYmtwzLfQjDtmm99Ho0axktAEDqtuoHbQnF
FY2deikKvCYZ3nInnJOctFY3mIhYWLKJxlWNjxv4up9PhTsEJehWlrcp8VJh0JQw
Lwyd9MLA6stoLHUEaLpuFa0u75y8lmnaiN6GvdukbGUMtG5gEBa4biUCBhBqaQeK
0eK25+lZD3n/dnoCEZlY33Meiz225uoCqPnk6jDPLKlm3T/fj1kFpna9gyOMTa/p
1VxeU/xJre0p893x6ggoPJ0yCWH1Tx+5nP7JOuqxNaoZHdA=
-----END CERTIFICATE-----",
              "certSerialNumber": "0",
              "commonName": "C=US,O=Google\\\\, Inc,CN=Google Cloud SQL Server CA,dnQualifier=55eb34c7-ae61-476a-b48b-a61f7f78cabf",
              "createTime": "2021-01-17T23:09:59.121Z",
              "expirationTime": "2031-01-15T23:10:59.121Z",
              "instance": "cloud-sql-mysql-b150e56d8488b376",
              "kind": "sql#sslCert",
              "sha1Fingerprint": "1c070a5b398b53a6d871534acf8dbba58d732ab0",
            },
            "serviceAccountEmailAddress": "p165882964161-gqysvy@gcp-sa-cloud-sql.iam.gserviceaccount.com",
            "settings": Object {
              "activationPolicy": "ALWAYS",
              "authorizedGaeApplications": Array [],
              "availabilityType": "ZONAL",
              "backupConfiguration": Object {
                "backupRetentionSettings": Object {
                  "retainedBackups": 7,
                  "retentionUnit": "COUNT",
                },
                "enabled": false,
                "kind": "sql#backupConfiguration",
                "startTime": "02:00",
                "transactionLogRetentionDays": 7,
              },
              "dataDiskSizeGb": "10",
              "dataDiskType": "PD_SSD",
              "ipConfiguration": Object {
                "authorizedNetworks": Array [
                  Object {
                    "kind": "sql#aclEntry",
                    "name": "0.0.0.0/0",
                    "value": "0.0.0.0/0",
                  },
                ],
                "ipv4Enabled": true,
              },
              "kind": "sql#settings",
              "locationPreference": Object {
                "kind": "sql#locationPreference",
                "zone": "us-central1-f",
              },
              "pricingPlan": "PER_USE",
              "replicationType": "SYNCHRONOUS",
              "settingsVersion": "3",
              "storageAutoResize": true,
              "storageAutoResizeLimit": "0",
              "tier": "db-f1-micro",
            },
            "state": "RUNNABLE",
          },
        },
      ],
      "_type": "google_sql_mysql_instance",
      "authorizedNetworks": Array [
        "0.0.0.0/0",
      ],
      "automatedBackupsEnabled": false,
      "createdOn": undefined,
      "displayName": "cloud-sql-mysql-b150e56d8488b376",
      "encrypted": true,
      "hasPublicIP": true,
      "localInfile": undefined,
      "location": "j1-gc-integration-dev-300716:us-central1:cloud-sql-mysql-b150e56d8488b376",
      "name": "cloud-sql-mysql-b150e56d8488b376",
      "requireSSL": undefined,
    },
  ],
  "collectedRelationships": Array [],
  "encounteredTypes": Array [
    "google_cloud_project",
    "google_sql_postgres_instance",
    "google_sql_mysql_instance",
  ],
  "numCollectedEntities": 3,
  "numCollectedRelationships": 0,
}
`;
