// Jest Snapshot v1, https://goo.gl/fbAQLP

exports[`#createBinaryAuthorizationPolicy should convert to entity 1`] = `
Object {
  "_class": Array [
    "Policy",
  ],
  "_key": "projects/j1-gc-integration-dev-300716/policy",
  "_rawData": Array [
    Object {
      "name": "default",
      "rawData": Object {
        "admissionWhitelistPatterns": Array [
          Object {
            "namePattern": "gcr.io/google_containers/*",
          },
          Object {
            "namePattern": "gcr.io/google-containers/*",
          },
          Object {
            "namePattern": "k8s.gcr.io/*",
          },
          Object {
            "namePattern": "gke.gcr.io/*",
          },
          Object {
            "namePattern": "gcr.io/stackdriver-agents/*",
          },
        ],
        "defaultAdmissionRule": Object {
          "enforcementMode": "ENFORCED_BLOCK_AND_AUDIT_LOG",
          "evaluationMode": "ALWAYS_ALLOW",
        },
        "globalPolicyEvaluationMode": "ENABLE",
        "name": "projects/j1-gc-integration-dev-300716/policy",
      },
    },
  ],
  "_type": "google_binary_authorization_policy",
  "admissionWhitelistPatterns": Array [
    "gcr.io/google_containers/*",
    "gcr.io/google-containers/*",
    "k8s.gcr.io/*",
    "gke.gcr.io/*",
    "gcr.io/stackdriver-agents/*",
  ],
  "content": "",
  "createdOn": undefined,
  "displayName": "projects/j1-gc-integration-dev-300716/policy",
  "evaluationMode": "ALWAYS_ALLOW",
  "globalPolicyEvaluationMode": "ENABLE",
  "name": "projects/j1-gc-integration-dev-300716/policy",
  "summary": "Binary Authorization implements a policy model, where a policy is a set of rules that governs the deployment of container images to a GKE cluster. Rules in a policy provide specific criteria that an image must satisfy before it can be deployed.",
  "title": "Binary Authorization Policy",
  "webLink": "https://console.cloud.google.com/security/binary-authorization/policy?project=j1-gc-integration-dev-300716&folder=&organizationId=",
}
`;
