// Jest Snapshot v1, https://goo.gl/fbAQLP

exports[`#fetchBinaryAuthorization should collect data 1`] = `
Object {
  "collectedEntities": Array [
    Object {
      "_class": Array [
        "Account",
      ],
      "_key": "j1-gc-integration-dev-v2",
      "_rawData": Array [
        Object {
          "name": "default",
          "rawData": Object {
            "createTime": "2021-02-17T21:10:45.892Z",
            "lifecycleState": "ACTIVE",
            "name": "j1-gc-integration-dev-v2",
            "parent": Object {
              "id": "158838481165",
              "type": "organization",
            },
            "projectId": "j1-gc-integration-dev-v2",
            "projectNumber": "711888229551",
          },
        },
      ],
      "_type": "google_cloud_project",
      "createdOn": 1613596245892,
      "displayName": "j1-gc-integration-dev-v2",
      "lifecycleState": "ACTIVE",
      "name": "j1-gc-integration-dev-v2",
      "parent.id": "158838481165",
      "parent.type": "organization",
      "projectNumber": "711888229551",
    },
    Object {
      "_class": Array [
        "AccessPolicy",
      ],
      "_key": "projects/j1-gc-integration-dev-v2/policy",
      "_rawData": Array [
        Object {
          "name": "default",
          "rawData": Object {
            "admissionWhitelistPatterns": Array [
              Object {
                "namePattern": "gcr.io/google_containers/*",
              },
            ],
            "clusterAdmissionRules": Object {
              "us-central1.j1-gc-integration-dev-gke-cluster": Object {
                "enforcementMode": "ENFORCED_BLOCK_AND_AUDIT_LOG",
                "evaluationMode": "REQUIRE_ATTESTATION",
                "requireAttestationsBy": Array [
                  "projects/j1-gc-integration-dev-v2/attestors/test-attestor",
                ],
              },
            },
            "defaultAdmissionRule": Object {
              "enforcementMode": "ENFORCED_BLOCK_AND_AUDIT_LOG",
              "evaluationMode": "ALWAYS_ALLOW",
            },
            "name": "projects/j1-gc-integration-dev-v2/policy",
            "updateTime": "2021-02-19T17:19:44.967990Z",
          },
        },
      ],
      "_type": "google_binary_authorization_policy",
      "admissionWhitelistPatterns": Array [
        "gcr.io/google_containers/*",
      ],
      "createdOn": undefined,
      "displayName": "projects/j1-gc-integration-dev-v2/policy",
      "evaluationMode": "ALWAYS_ALLOW",
      "globalPolicyEvaluationMode": undefined,
      "name": "projects/j1-gc-integration-dev-v2/policy",
      "updatedOn": 1613755184967,
      "webLink": "https://console.cloud.google.com/security/binary-authorization/policy?project=j1-gc-integration-dev-v2&folder=&organizationId=",
    },
  ],
  "collectedRelationships": Array [
    Object {
      "_class": "HAS",
      "_fromEntityKey": "j1-gc-integration-dev-v2",
      "_key": "j1-gc-integration-dev-v2|has|projects/j1-gc-integration-dev-v2/policy",
      "_toEntityKey": "projects/j1-gc-integration-dev-v2/policy",
      "_type": "google_cloud_project_has_binary_authorization_policy",
      "displayName": "HAS",
    },
  ],
  "encounteredTypes": Array [
    "google_cloud_project",
    "google_binary_authorization_policy",
    "google_cloud_project_has_binary_authorization_policy",
  ],
  "numCollectedEntities": 2,
  "numCollectedRelationships": 1,
}
`;
