// Jest Snapshot v1, https://goo.gl/fbAQLP

exports[`#createIamBindingEntity should convert to entity 1`] = `
Object {
  "_class": Array [
    "AccessPolicy",
  ],
  "_key": "binding|project:project|resource:resource|role:projects/j1-gc-integration-dev-v3/roles/167984947943customroleconditions",
  "_rawData": Array [
    Object {
      "name": "default",
      "rawData": Object {
        "condition": Object {
          "description": "Test condition description",
          "expression": "resource.name != \\"bogusunknownresourcename\\"",
          "title": "Test condition title",
        },
        "members": Array [
          "serviceAccount:j1-gc-integration-dev-sa-tf@j1-gc-integration-dev-v3.iam.gserviceaccount.com",
        ],
        "role": "projects/j1-gc-integration-dev-v3/roles/167984947943customroleconditions",
      },
    },
  ],
  "_type": "google_iam_binding",
  "condition.description": "Test condition description",
  "condition.expression": "resource.name != \\"bogusunknownresourcename\\"",
  "condition.title": "Test condition title",
  "createdOn": undefined,
  "displayName": "Role Binding for Resource: resource",
  "members": Array [
    "serviceAccount:j1-gc-integration-dev-sa-tf@j1-gc-integration-dev-v3.iam.gserviceaccount.com",
  ],
  "name": "role_binding_for_resourceresource",
  "project": "project",
  "resource": "resource",
  "role": "projects/j1-gc-integration-dev-v3/roles/167984947943customroleconditions",
}
`;
