// Jest Snapshot v1, https://goo.gl/fbAQLP

exports[`#fetchIamBindings should collect data 1`] = `
Object {
  "collectedEntities": 144,
  "collectedRelationships": 307,
  "encounteredTypes": Array [
    "google_cloud_organization",
    "google_cloud_folder",
    "google_cloud_organization_has_folder",
    "google_cloud_folder_has_folder",
    "google_organization_has_project",
    "google_folder_has_project",
    "google_iam_role",
    "google_iam_service_account",
    "google_iam_service_account_key",
    "google_iam_service_account_has_key",
    "google_iam_binding",
    "google_iam_binding_assigned_user",
    "google_user_assigned_iam_role",
    "google_iam_binding_assigned_service_account",
    "google_iam_service_account_assigned_role",
    "google_iam_binding_assigned_group",
    "google_group_assigned_iam_role",
    "google_iam_binding_uses_role",
    "google_iam_binding_allows_ANY_RESOURCE",
    "google_iam_binding_allows_cloud_folder",
    "google_iam_binding_allows_cloud_organization",
  ],
  "numCollectedEntities": 144,
  "numCollectedRelationships": 307,
}
`;
