// Jest Snapshot v1, https://goo.gl/fbAQLP

exports[`#fetchRedisInstances should collect data 1`] = `
Object {
  "collectedEntities": Array [
    Object {
      "CIDR": null,
      "IPv4Range": undefined,
      "_class": Array [
        "Network",
      ],
      "_key": "https://www.googleapis.com/compute/v1/projects/j1-gc-integration-dev-v2/global/networks/default",
      "_rawData": Array [
        Object {
          "name": "default",
          "rawData": Object {
            "autoCreateSubnetworks": true,
            "creationTimestamp": "2021-02-17T15:05:19.807-08:00",
            "description": "Default network for the project",
            "id": "233738166463373248",
            "kind": "compute#network",
            "name": "default",
            "peerings": Array [
              Object {
                "autoCreateRoutes": true,
                "exchangeSubnetRoutes": true,
                "exportCustomRoutes": false,
                "exportSubnetRoutesWithPublicIp": true,
                "importCustomRoutes": false,
                "importSubnetRoutesWithPublicIp": false,
                "name": "redis-peer-188653769288",
                "network": "https://www.googleapis.com/compute/v1/projects/td5f86890037672ebp-tp/global/networks/default-redis-e619463a-57d4-4053-a70d-b8c275ad4d49",
                "state": "ACTIVE",
                "stateDetails": "[2021-03-25T09:32:55.725-07:00]: Connected.",
              },
            ],
            "routingConfig": Object {
              "routingMode": "REGIONAL",
            },
            "selfLink": "https://www.googleapis.com/compute/v1/projects/j1-gc-integration-dev-v2/global/networks/default",
            "subnetworks": Array [
              "https://www.googleapis.com/compute/v1/projects/j1-gc-integration-dev-v2/regions/us-central1/subnetworks/default",
              "https://www.googleapis.com/compute/v1/projects/j1-gc-integration-dev-v2/regions/asia-south1/subnetworks/default",
              "https://www.googleapis.com/compute/v1/projects/j1-gc-integration-dev-v2/regions/europe-west6/subnetworks/default",
              "https://www.googleapis.com/compute/v1/projects/j1-gc-integration-dev-v2/regions/asia-northeast1/subnetworks/default",
              "https://www.googleapis.com/compute/v1/projects/j1-gc-integration-dev-v2/regions/europe-west4/subnetworks/default",
              "https://www.googleapis.com/compute/v1/projects/j1-gc-integration-dev-v2/regions/us-west1/subnetworks/default",
              "https://www.googleapis.com/compute/v1/projects/j1-gc-integration-dev-v2/regions/us-east4/subnetworks/default",
              "https://www.googleapis.com/compute/v1/projects/j1-gc-integration-dev-v2/regions/asia-southeast2/subnetworks/default",
              "https://www.googleapis.com/compute/v1/projects/j1-gc-integration-dev-v2/regions/europe-west1/subnetworks/default",
              "https://www.googleapis.com/compute/v1/projects/j1-gc-integration-dev-v2/regions/europe-west2/subnetworks/default",
              "https://www.googleapis.com/compute/v1/projects/j1-gc-integration-dev-v2/regions/europe-central2/subnetworks/default",
              "https://www.googleapis.com/compute/v1/projects/j1-gc-integration-dev-v2/regions/asia-northeast2/subnetworks/default",
              "https://www.googleapis.com/compute/v1/projects/j1-gc-integration-dev-v2/regions/us-west2/subnetworks/default",
              "https://www.googleapis.com/compute/v1/projects/j1-gc-integration-dev-v2/regions/australia-southeast1/subnetworks/default",
              "https://www.googleapis.com/compute/v1/projects/j1-gc-integration-dev-v2/regions/southamerica-east1/subnetworks/default",
              "https://www.googleapis.com/compute/v1/projects/j1-gc-integration-dev-v2/regions/us-west3/subnetworks/default",
              "https://www.googleapis.com/compute/v1/projects/j1-gc-integration-dev-v2/regions/asia-east2/subnetworks/default",
              "https://www.googleapis.com/compute/v1/projects/j1-gc-integration-dev-v2/regions/asia-northeast3/subnetworks/default",
              "https://www.googleapis.com/compute/v1/projects/j1-gc-integration-dev-v2/regions/asia-southeast1/subnetworks/default",
              "https://www.googleapis.com/compute/v1/projects/j1-gc-integration-dev-v2/regions/asia-east1/subnetworks/default",
              "https://www.googleapis.com/compute/v1/projects/j1-gc-integration-dev-v2/regions/northamerica-northeast1/subnetworks/default",
              "https://www.googleapis.com/compute/v1/projects/j1-gc-integration-dev-v2/regions/europe-north1/subnetworks/default",
              "https://www.googleapis.com/compute/v1/projects/j1-gc-integration-dev-v2/regions/europe-west3/subnetworks/default",
              "https://www.googleapis.com/compute/v1/projects/j1-gc-integration-dev-v2/regions/us-west4/subnetworks/default",
              "https://www.googleapis.com/compute/v1/projects/j1-gc-integration-dev-v2/regions/us-east1/subnetworks/default",
            ],
          },
        },
      ],
      "_type": "google_compute_network",
      "autoCreateSubnetworks": true,
      "createdOn": 1613603119807,
      "description": "Default network for the project",
      "displayName": "default",
      "gatewayIPv4": undefined,
      "id": "233738166463373248",
      "internal": true,
      "name": "default",
      "public": false,
      "routingMode": "REGIONAL",
      "subnetworks": Array [
        "https://www.googleapis.com/compute/v1/projects/j1-gc-integration-dev-v2/regions/us-central1/subnetworks/default",
        "https://www.googleapis.com/compute/v1/projects/j1-gc-integration-dev-v2/regions/asia-south1/subnetworks/default",
        "https://www.googleapis.com/compute/v1/projects/j1-gc-integration-dev-v2/regions/europe-west6/subnetworks/default",
        "https://www.googleapis.com/compute/v1/projects/j1-gc-integration-dev-v2/regions/asia-northeast1/subnetworks/default",
        "https://www.googleapis.com/compute/v1/projects/j1-gc-integration-dev-v2/regions/europe-west4/subnetworks/default",
        "https://www.googleapis.com/compute/v1/projects/j1-gc-integration-dev-v2/regions/us-west1/subnetworks/default",
        "https://www.googleapis.com/compute/v1/projects/j1-gc-integration-dev-v2/regions/us-east4/subnetworks/default",
        "https://www.googleapis.com/compute/v1/projects/j1-gc-integration-dev-v2/regions/asia-southeast2/subnetworks/default",
        "https://www.googleapis.com/compute/v1/projects/j1-gc-integration-dev-v2/regions/europe-west1/subnetworks/default",
        "https://www.googleapis.com/compute/v1/projects/j1-gc-integration-dev-v2/regions/europe-west2/subnetworks/default",
        "https://www.googleapis.com/compute/v1/projects/j1-gc-integration-dev-v2/regions/europe-central2/subnetworks/default",
        "https://www.googleapis.com/compute/v1/projects/j1-gc-integration-dev-v2/regions/asia-northeast2/subnetworks/default",
        "https://www.googleapis.com/compute/v1/projects/j1-gc-integration-dev-v2/regions/us-west2/subnetworks/default",
        "https://www.googleapis.com/compute/v1/projects/j1-gc-integration-dev-v2/regions/australia-southeast1/subnetworks/default",
        "https://www.googleapis.com/compute/v1/projects/j1-gc-integration-dev-v2/regions/southamerica-east1/subnetworks/default",
        "https://www.googleapis.com/compute/v1/projects/j1-gc-integration-dev-v2/regions/us-west3/subnetworks/default",
        "https://www.googleapis.com/compute/v1/projects/j1-gc-integration-dev-v2/regions/asia-east2/subnetworks/default",
        "https://www.googleapis.com/compute/v1/projects/j1-gc-integration-dev-v2/regions/asia-northeast3/subnetworks/default",
        "https://www.googleapis.com/compute/v1/projects/j1-gc-integration-dev-v2/regions/asia-southeast1/subnetworks/default",
        "https://www.googleapis.com/compute/v1/projects/j1-gc-integration-dev-v2/regions/asia-east1/subnetworks/default",
        "https://www.googleapis.com/compute/v1/projects/j1-gc-integration-dev-v2/regions/northamerica-northeast1/subnetworks/default",
        "https://www.googleapis.com/compute/v1/projects/j1-gc-integration-dev-v2/regions/europe-north1/subnetworks/default",
        "https://www.googleapis.com/compute/v1/projects/j1-gc-integration-dev-v2/regions/europe-west3/subnetworks/default",
        "https://www.googleapis.com/compute/v1/projects/j1-gc-integration-dev-v2/regions/us-west4/subnetworks/default",
        "https://www.googleapis.com/compute/v1/projects/j1-gc-integration-dev-v2/regions/us-east1/subnetworks/default",
      ],
      "webLink": "https://console.cloud.google.com/networking/networks/details/default?project=j1-gc-integration-dev-v2",
    },
    Object {
      "CIDR": null,
      "IPv4Range": undefined,
      "_class": Array [
        "Network",
      ],
      "_key": "https://www.googleapis.com/compute/v1/projects/j1-gc-integration-dev-v2/global/networks/public-compute-app-vpc",
      "_rawData": Array [
        Object {
          "name": "default",
          "rawData": Object {
            "autoCreateSubnetworks": false,
            "creationTimestamp": "2021-02-17T16:04:21.594-08:00",
            "id": "5902386056996590058",
            "kind": "compute#network",
            "name": "public-compute-app-vpc",
            "routingConfig": Object {
              "routingMode": "GLOBAL",
            },
            "selfLink": "https://www.googleapis.com/compute/v1/projects/j1-gc-integration-dev-v2/global/networks/public-compute-app-vpc",
            "subnetworks": Array [
              "https://www.googleapis.com/compute/v1/projects/j1-gc-integration-dev-v2/regions/us-central1/subnetworks/public-compute-app-public-subnet-1",
            ],
          },
        },
      ],
      "_type": "google_compute_network",
      "autoCreateSubnetworks": false,
      "createdOn": 1613606661594,
      "description": undefined,
      "displayName": "public-compute-app-vpc",
      "gatewayIPv4": undefined,
      "id": "5902386056996590058",
      "internal": true,
      "name": "public-compute-app-vpc",
      "public": false,
      "routingMode": "GLOBAL",
      "subnetworks": Array [
        "https://www.googleapis.com/compute/v1/projects/j1-gc-integration-dev-v2/regions/us-central1/subnetworks/public-compute-app-public-subnet-1",
      ],
      "webLink": "https://console.cloud.google.com/networking/networks/details/public-compute-app-vpc?project=j1-gc-integration-dev-v2",
    },
    Object {
      "CIDR": null,
      "IPv4Range": undefined,
      "_class": Array [
        "Network",
      ],
      "_key": "https://www.googleapis.com/compute/v1/projects/j1-gc-integration-dev-v2/global/networks/test-private-vpc-network",
      "_rawData": Array [
        Object {
          "name": "default",
          "rawData": Object {
            "autoCreateSubnetworks": true,
            "creationTimestamp": "2021-03-25T12:15:25.940-07:00",
            "description": "Used for memcached",
            "id": "2169360307643834274",
            "kind": "compute#network",
            "mtu": 1460,
            "name": "test-private-vpc-network",
            "peerings": Array [
              Object {
                "autoCreateRoutes": true,
                "exchangeSubnetRoutes": true,
                "exportCustomRoutes": false,
                "exportSubnetRoutesWithPublicIp": false,
                "importCustomRoutes": false,
                "importSubnetRoutesWithPublicIp": false,
                "name": "servicenetworking-googleapis-com",
                "network": "https://www.googleapis.com/compute/v1/projects/tf3ef220b154b90a3p-tp/global/networks/servicenetworking",
                "state": "ACTIVE",
                "stateDetails": "[2021-03-25T12:19:06.637-07:00]: Connected.",
              },
            ],
            "routingConfig": Object {
              "routingMode": "REGIONAL",
            },
            "selfLink": "https://www.googleapis.com/compute/v1/projects/j1-gc-integration-dev-v2/global/networks/test-private-vpc-network",
            "subnetworks": Array [
              "https://www.googleapis.com/compute/v1/projects/j1-gc-integration-dev-v2/regions/asia-northeast2/subnetworks/test-private-vpc-network",
              "https://www.googleapis.com/compute/v1/projects/j1-gc-integration-dev-v2/regions/us-west1/subnetworks/test-private-vpc-network",
              "https://www.googleapis.com/compute/v1/projects/j1-gc-integration-dev-v2/regions/us-central1/subnetworks/test-private-vpc-network",
              "https://www.googleapis.com/compute/v1/projects/j1-gc-integration-dev-v2/regions/asia-northeast3/subnetworks/test-private-vpc-network",
              "https://www.googleapis.com/compute/v1/projects/j1-gc-integration-dev-v2/regions/us-west4/subnetworks/test-private-vpc-network",
              "https://www.googleapis.com/compute/v1/projects/j1-gc-integration-dev-v2/regions/europe-west4/subnetworks/test-private-vpc-network",
              "https://www.googleapis.com/compute/v1/projects/j1-gc-integration-dev-v2/regions/asia-southeast1/subnetworks/test-private-vpc-network",
              "https://www.googleapis.com/compute/v1/projects/j1-gc-integration-dev-v2/regions/asia-east2/subnetworks/test-private-vpc-network",
              "https://www.googleapis.com/compute/v1/projects/j1-gc-integration-dev-v2/regions/us-west3/subnetworks/test-private-vpc-network",
              "https://www.googleapis.com/compute/v1/projects/j1-gc-integration-dev-v2/regions/europe-west2/subnetworks/test-private-vpc-network",
              "https://www.googleapis.com/compute/v1/projects/j1-gc-integration-dev-v2/regions/europe-west3/subnetworks/test-private-vpc-network",
              "https://www.googleapis.com/compute/v1/projects/j1-gc-integration-dev-v2/regions/asia-east1/subnetworks/test-private-vpc-network",
              "https://www.googleapis.com/compute/v1/projects/j1-gc-integration-dev-v2/regions/asia-southeast2/subnetworks/test-private-vpc-network",
              "https://www.googleapis.com/compute/v1/projects/j1-gc-integration-dev-v2/regions/europe-north1/subnetworks/test-private-vpc-network",
              "https://www.googleapis.com/compute/v1/projects/j1-gc-integration-dev-v2/regions/asia-south1/subnetworks/test-private-vpc-network",
              "https://www.googleapis.com/compute/v1/projects/j1-gc-integration-dev-v2/regions/us-east1/subnetworks/test-private-vpc-network",
              "https://www.googleapis.com/compute/v1/projects/j1-gc-integration-dev-v2/regions/us-west2/subnetworks/test-private-vpc-network",
              "https://www.googleapis.com/compute/v1/projects/j1-gc-integration-dev-v2/regions/us-east4/subnetworks/test-private-vpc-network",
              "https://www.googleapis.com/compute/v1/projects/j1-gc-integration-dev-v2/regions/europe-west1/subnetworks/test-private-vpc-network",
              "https://www.googleapis.com/compute/v1/projects/j1-gc-integration-dev-v2/regions/southamerica-east1/subnetworks/test-private-vpc-network",
              "https://www.googleapis.com/compute/v1/projects/j1-gc-integration-dev-v2/regions/northamerica-northeast1/subnetworks/test-private-vpc-network",
              "https://www.googleapis.com/compute/v1/projects/j1-gc-integration-dev-v2/regions/asia-northeast1/subnetworks/test-private-vpc-network",
              "https://www.googleapis.com/compute/v1/projects/j1-gc-integration-dev-v2/regions/europe-central2/subnetworks/test-private-vpc-network",
              "https://www.googleapis.com/compute/v1/projects/j1-gc-integration-dev-v2/regions/australia-southeast1/subnetworks/test-private-vpc-network",
              "https://www.googleapis.com/compute/v1/projects/j1-gc-integration-dev-v2/regions/europe-west6/subnetworks/test-private-vpc-network",
            ],
          },
        },
      ],
      "_type": "google_compute_network",
      "autoCreateSubnetworks": true,
      "createdOn": 1616699725940,
      "description": "Used for memcached",
      "displayName": "test-private-vpc-network",
      "gatewayIPv4": undefined,
      "id": "2169360307643834274",
      "internal": true,
      "name": "test-private-vpc-network",
      "public": false,
      "routingMode": "REGIONAL",
      "subnetworks": Array [
        "https://www.googleapis.com/compute/v1/projects/j1-gc-integration-dev-v2/regions/asia-northeast2/subnetworks/test-private-vpc-network",
        "https://www.googleapis.com/compute/v1/projects/j1-gc-integration-dev-v2/regions/us-west1/subnetworks/test-private-vpc-network",
        "https://www.googleapis.com/compute/v1/projects/j1-gc-integration-dev-v2/regions/us-central1/subnetworks/test-private-vpc-network",
        "https://www.googleapis.com/compute/v1/projects/j1-gc-integration-dev-v2/regions/asia-northeast3/subnetworks/test-private-vpc-network",
        "https://www.googleapis.com/compute/v1/projects/j1-gc-integration-dev-v2/regions/us-west4/subnetworks/test-private-vpc-network",
        "https://www.googleapis.com/compute/v1/projects/j1-gc-integration-dev-v2/regions/europe-west4/subnetworks/test-private-vpc-network",
        "https://www.googleapis.com/compute/v1/projects/j1-gc-integration-dev-v2/regions/asia-southeast1/subnetworks/test-private-vpc-network",
        "https://www.googleapis.com/compute/v1/projects/j1-gc-integration-dev-v2/regions/asia-east2/subnetworks/test-private-vpc-network",
        "https://www.googleapis.com/compute/v1/projects/j1-gc-integration-dev-v2/regions/us-west3/subnetworks/test-private-vpc-network",
        "https://www.googleapis.com/compute/v1/projects/j1-gc-integration-dev-v2/regions/europe-west2/subnetworks/test-private-vpc-network",
        "https://www.googleapis.com/compute/v1/projects/j1-gc-integration-dev-v2/regions/europe-west3/subnetworks/test-private-vpc-network",
        "https://www.googleapis.com/compute/v1/projects/j1-gc-integration-dev-v2/regions/asia-east1/subnetworks/test-private-vpc-network",
        "https://www.googleapis.com/compute/v1/projects/j1-gc-integration-dev-v2/regions/asia-southeast2/subnetworks/test-private-vpc-network",
        "https://www.googleapis.com/compute/v1/projects/j1-gc-integration-dev-v2/regions/europe-north1/subnetworks/test-private-vpc-network",
        "https://www.googleapis.com/compute/v1/projects/j1-gc-integration-dev-v2/regions/asia-south1/subnetworks/test-private-vpc-network",
        "https://www.googleapis.com/compute/v1/projects/j1-gc-integration-dev-v2/regions/us-east1/subnetworks/test-private-vpc-network",
        "https://www.googleapis.com/compute/v1/projects/j1-gc-integration-dev-v2/regions/us-west2/subnetworks/test-private-vpc-network",
        "https://www.googleapis.com/compute/v1/projects/j1-gc-integration-dev-v2/regions/us-east4/subnetworks/test-private-vpc-network",
        "https://www.googleapis.com/compute/v1/projects/j1-gc-integration-dev-v2/regions/europe-west1/subnetworks/test-private-vpc-network",
        "https://www.googleapis.com/compute/v1/projects/j1-gc-integration-dev-v2/regions/southamerica-east1/subnetworks/test-private-vpc-network",
        "https://www.googleapis.com/compute/v1/projects/j1-gc-integration-dev-v2/regions/northamerica-northeast1/subnetworks/test-private-vpc-network",
        "https://www.googleapis.com/compute/v1/projects/j1-gc-integration-dev-v2/regions/asia-northeast1/subnetworks/test-private-vpc-network",
        "https://www.googleapis.com/compute/v1/projects/j1-gc-integration-dev-v2/regions/europe-central2/subnetworks/test-private-vpc-network",
        "https://www.googleapis.com/compute/v1/projects/j1-gc-integration-dev-v2/regions/australia-southeast1/subnetworks/test-private-vpc-network",
        "https://www.googleapis.com/compute/v1/projects/j1-gc-integration-dev-v2/regions/europe-west6/subnetworks/test-private-vpc-network",
      ],
      "webLink": "https://console.cloud.google.com/networking/networks/details/test-private-vpc-network?project=j1-gc-integration-dev-v2",
    },
    Object {
      "CIDR": null,
      "IPv4Range": undefined,
      "_class": Array [
        "Network",
      ],
      "_key": "https://www.googleapis.com/compute/v1/projects/j1-gc-integration-dev-v2/global/networks/test-vpc-network",
      "_rawData": Array [
        Object {
          "name": "default",
          "rawData": Object {
            "autoCreateSubnetworks": true,
            "creationTimestamp": "2021-02-17T16:04:21.491-08:00",
            "description": "Test description",
            "id": "937169482160280042",
            "kind": "compute#network",
            "name": "test-vpc-network",
            "routingConfig": Object {
              "routingMode": "REGIONAL",
            },
            "selfLink": "https://www.googleapis.com/compute/v1/projects/j1-gc-integration-dev-v2/global/networks/test-vpc-network",
            "subnetworks": Array [
              "https://www.googleapis.com/compute/v1/projects/j1-gc-integration-dev-v2/regions/us-central1/subnetworks/test-vpc-network",
              "https://www.googleapis.com/compute/v1/projects/j1-gc-integration-dev-v2/regions/asia-south1/subnetworks/test-vpc-network",
              "https://www.googleapis.com/compute/v1/projects/j1-gc-integration-dev-v2/regions/us-west2/subnetworks/test-vpc-network",
              "https://www.googleapis.com/compute/v1/projects/j1-gc-integration-dev-v2/regions/europe-west6/subnetworks/test-vpc-network",
              "https://www.googleapis.com/compute/v1/projects/j1-gc-integration-dev-v2/regions/europe-west2/subnetworks/test-vpc-network",
              "https://www.googleapis.com/compute/v1/projects/j1-gc-integration-dev-v2/regions/us-east1/subnetworks/test-vpc-network",
              "https://www.googleapis.com/compute/v1/projects/j1-gc-integration-dev-v2/regions/europe-central2/subnetworks/test-vpc-network",
              "https://www.googleapis.com/compute/v1/projects/j1-gc-integration-dev-v2/regions/us-west3/subnetworks/test-vpc-network",
              "https://www.googleapis.com/compute/v1/projects/j1-gc-integration-dev-v2/regions/asia-east2/subnetworks/test-vpc-network",
              "https://www.googleapis.com/compute/v1/projects/j1-gc-integration-dev-v2/regions/europe-west4/subnetworks/test-vpc-network",
              "https://www.googleapis.com/compute/v1/projects/j1-gc-integration-dev-v2/regions/us-west1/subnetworks/test-vpc-network",
              "https://www.googleapis.com/compute/v1/projects/j1-gc-integration-dev-v2/regions/australia-southeast1/subnetworks/test-vpc-network",
              "https://www.googleapis.com/compute/v1/projects/j1-gc-integration-dev-v2/regions/us-west4/subnetworks/test-vpc-network",
              "https://www.googleapis.com/compute/v1/projects/j1-gc-integration-dev-v2/regions/southamerica-east1/subnetworks/test-vpc-network",
              "https://www.googleapis.com/compute/v1/projects/j1-gc-integration-dev-v2/regions/asia-east1/subnetworks/test-vpc-network",
              "https://www.googleapis.com/compute/v1/projects/j1-gc-integration-dev-v2/regions/asia-northeast1/subnetworks/test-vpc-network",
              "https://www.googleapis.com/compute/v1/projects/j1-gc-integration-dev-v2/regions/asia-northeast3/subnetworks/test-vpc-network",
              "https://www.googleapis.com/compute/v1/projects/j1-gc-integration-dev-v2/regions/asia-southeast2/subnetworks/test-vpc-network",
              "https://www.googleapis.com/compute/v1/projects/j1-gc-integration-dev-v2/regions/asia-southeast1/subnetworks/test-vpc-network",
              "https://www.googleapis.com/compute/v1/projects/j1-gc-integration-dev-v2/regions/europe-north1/subnetworks/test-vpc-network",
              "https://www.googleapis.com/compute/v1/projects/j1-gc-integration-dev-v2/regions/us-east4/subnetworks/test-vpc-network",
              "https://www.googleapis.com/compute/v1/projects/j1-gc-integration-dev-v2/regions/europe-west3/subnetworks/test-vpc-network",
              "https://www.googleapis.com/compute/v1/projects/j1-gc-integration-dev-v2/regions/northamerica-northeast1/subnetworks/test-vpc-network",
              "https://www.googleapis.com/compute/v1/projects/j1-gc-integration-dev-v2/regions/asia-northeast2/subnetworks/test-vpc-network",
              "https://www.googleapis.com/compute/v1/projects/j1-gc-integration-dev-v2/regions/europe-west1/subnetworks/test-vpc-network",
            ],
          },
        },
      ],
      "_type": "google_compute_network",
      "autoCreateSubnetworks": true,
      "createdOn": 1613606661491,
      "description": "Test description",
      "displayName": "test-vpc-network",
      "gatewayIPv4": undefined,
      "id": "937169482160280042",
      "internal": true,
      "name": "test-vpc-network",
      "public": false,
      "routingMode": "REGIONAL",
      "subnetworks": Array [
        "https://www.googleapis.com/compute/v1/projects/j1-gc-integration-dev-v2/regions/us-central1/subnetworks/test-vpc-network",
        "https://www.googleapis.com/compute/v1/projects/j1-gc-integration-dev-v2/regions/asia-south1/subnetworks/test-vpc-network",
        "https://www.googleapis.com/compute/v1/projects/j1-gc-integration-dev-v2/regions/us-west2/subnetworks/test-vpc-network",
        "https://www.googleapis.com/compute/v1/projects/j1-gc-integration-dev-v2/regions/europe-west6/subnetworks/test-vpc-network",
        "https://www.googleapis.com/compute/v1/projects/j1-gc-integration-dev-v2/regions/europe-west2/subnetworks/test-vpc-network",
        "https://www.googleapis.com/compute/v1/projects/j1-gc-integration-dev-v2/regions/us-east1/subnetworks/test-vpc-network",
        "https://www.googleapis.com/compute/v1/projects/j1-gc-integration-dev-v2/regions/europe-central2/subnetworks/test-vpc-network",
        "https://www.googleapis.com/compute/v1/projects/j1-gc-integration-dev-v2/regions/us-west3/subnetworks/test-vpc-network",
        "https://www.googleapis.com/compute/v1/projects/j1-gc-integration-dev-v2/regions/asia-east2/subnetworks/test-vpc-network",
        "https://www.googleapis.com/compute/v1/projects/j1-gc-integration-dev-v2/regions/europe-west4/subnetworks/test-vpc-network",
        "https://www.googleapis.com/compute/v1/projects/j1-gc-integration-dev-v2/regions/us-west1/subnetworks/test-vpc-network",
        "https://www.googleapis.com/compute/v1/projects/j1-gc-integration-dev-v2/regions/australia-southeast1/subnetworks/test-vpc-network",
        "https://www.googleapis.com/compute/v1/projects/j1-gc-integration-dev-v2/regions/us-west4/subnetworks/test-vpc-network",
        "https://www.googleapis.com/compute/v1/projects/j1-gc-integration-dev-v2/regions/southamerica-east1/subnetworks/test-vpc-network",
        "https://www.googleapis.com/compute/v1/projects/j1-gc-integration-dev-v2/regions/asia-east1/subnetworks/test-vpc-network",
        "https://www.googleapis.com/compute/v1/projects/j1-gc-integration-dev-v2/regions/asia-northeast1/subnetworks/test-vpc-network",
        "https://www.googleapis.com/compute/v1/projects/j1-gc-integration-dev-v2/regions/asia-northeast3/subnetworks/test-vpc-network",
        "https://www.googleapis.com/compute/v1/projects/j1-gc-integration-dev-v2/regions/asia-southeast2/subnetworks/test-vpc-network",
        "https://www.googleapis.com/compute/v1/projects/j1-gc-integration-dev-v2/regions/asia-southeast1/subnetworks/test-vpc-network",
        "https://www.googleapis.com/compute/v1/projects/j1-gc-integration-dev-v2/regions/europe-north1/subnetworks/test-vpc-network",
        "https://www.googleapis.com/compute/v1/projects/j1-gc-integration-dev-v2/regions/us-east4/subnetworks/test-vpc-network",
        "https://www.googleapis.com/compute/v1/projects/j1-gc-integration-dev-v2/regions/europe-west3/subnetworks/test-vpc-network",
        "https://www.googleapis.com/compute/v1/projects/j1-gc-integration-dev-v2/regions/northamerica-northeast1/subnetworks/test-vpc-network",
        "https://www.googleapis.com/compute/v1/projects/j1-gc-integration-dev-v2/regions/asia-northeast2/subnetworks/test-vpc-network",
        "https://www.googleapis.com/compute/v1/projects/j1-gc-integration-dev-v2/regions/europe-west1/subnetworks/test-vpc-network",
      ],
      "webLink": "https://console.cloud.google.com/networking/networks/details/test-vpc-network?project=j1-gc-integration-dev-v2",
    },
    Object {
      "_class": Array [
        "Database",
        "DataStore",
        "Host",
      ],
      "_key": "redis:projects/j1-gc-integration-dev-v2/locations/us-central1/instances/test-redis-instance",
      "_rawData": Array [
        Object {
          "name": "default",
          "rawData": Object {
            "authorizedNetwork": "projects/j1-gc-integration-dev-v2/global/networks/default",
            "connectMode": "DIRECT_PEERING",
            "createTime": "2021-03-25T16:31:38.678284725Z",
            "currentLocationId": "us-central1-f",
            "displayName": "Test Redis Instance Display Name",
            "host": "10.22.66.67",
            "locationId": "us-central1-f",
            "memorySizeGb": 1,
            "name": "projects/j1-gc-integration-dev-v2/locations/us-central1/instances/test-redis-instance",
            "persistenceIamIdentity": "serviceAccount:188653769288-compute@developer.gserviceaccount.com",
            "port": 6379,
            "redisVersion": "REDIS_5_0",
            "reservedIpRange": "10.22.66.64/29",
            "state": "READY",
            "tier": "BASIC",
            "transitEncryptionMode": "DISABLED",
          },
        },
      ],
      "_type": "google_redis_instance",
      "alternativeLocationId": undefined,
      "authEnabled": false,
      "classification": null,
      "connectMode": "DIRECT_PEERING",
      "createdOn": 1616689898678,
      "currentLocationId": "us-central1-f",
      "displayName": "Test Redis Instance Display Name",
      "encrypted": null,
      "hostname": "10.22.66.67",
      "locationId": "us-central1-f",
      "memorySizeGb": 1,
      "name": "projects/j1-gc-integration-dev-v2/locations/us-central1/instances/test-redis-instance",
      "port": 6379,
      "redisVersion": "REDIS_5_0",
      "reservedIpRange": "10.22.66.64/29",
      "state": "READY",
      "statusMessage": undefined,
      "tier": "BASIC",
      "transitEncryptionModeEnabled": false,
      "webLink": "https://console.cloud.google.com/memorystore/redis/locations/us-central1/instances/test-redis-instance/details?project=j1-gc-integration-dev-v2",
    },
  ],
  "collectedRelationships": Array [
    Object {
      "_class": "USES",
      "_fromEntityKey": "redis:projects/j1-gc-integration-dev-v2/locations/us-central1/instances/test-redis-instance",
      "_key": "redis:projects/j1-gc-integration-dev-v2/locations/us-central1/instances/test-redis-instance|uses|https://www.googleapis.com/compute/v1/projects/j1-gc-integration-dev-v2/global/networks/default",
      "_toEntityKey": "https://www.googleapis.com/compute/v1/projects/j1-gc-integration-dev-v2/global/networks/default",
      "_type": "google_redis_instance_uses_compute_network",
      "displayName": "USES",
    },
  ],
  "encounteredTypes": Array [
    "google_compute_network",
    "google_redis_instance",
    "google_redis_instance_uses_compute_network",
  ],
  "numCollectedEntities": 5,
  "numCollectedRelationships": 1,
}
`;
