// Jest Snapshot v1, https://goo.gl/fbAQLP

exports[`#fetchDNSManagedZones should collect data 1`] = `
Object {
  "collectedEntities": Array [
    Object {
      "_class": Array [
        "DomainZone",
      ],
      "_key": "5302175939166426816",
      "_rawData": Array [
        Object {
          "name": "default",
          "rawData": Object {
            "creationTime": "2021-02-18T00:04:21.953Z",
            "description": "Example DNS zone",
            "dnsName": "example-981611f4.com.",
            "id": "5302175939166426816",
            "kind": "dns#managedZone",
            "name": "example-public-zone",
            "nameServers": Array [
              "ns-cloud-c1.googledomains.com.",
              "ns-cloud-c2.googledomains.com.",
              "ns-cloud-c3.googledomains.com.",
              "ns-cloud-c4.googledomains.com.",
            ],
            "visibility": "public",
          },
        },
      ],
      "_type": "google_dns_managed_zone",
      "createdOn": 1613606661953,
      "description": "Example DNS zone",
      "displayName": "example-public-zone",
      "dnssec": undefined,
      "domainName": "example-981611f4.com.",
      "id": "5302175939166426816",
      "keySigningAlgorithm": undefined,
      "kind": "dns#managedZone",
      "name": "example-public-zone",
      "visibility": "public",
      "zoneSigningAlgorithm": undefined,
    },
  ],
  "collectedRelationships": Array [],
  "encounteredTypes": Array [
    "google_dns_managed_zone",
  ],
  "numCollectedEntities": 1,
  "numCollectedRelationships": 0,
}
`;
