// Jest Snapshot v1, https://goo.gl/fbAQLP

exports[`#createContainerClusterEntity should convert to entity 1`] = `
Object {
  "_class": Array [
    "Cluster",
  ],
  "_key": "https://container.googleapis.com/v1/projects/j1-gc-integration-dev/locations/us-central1/clusters/j1-gc-integration-dev-gke-cluster",
  "_rawData": Array [
    Object {
      "name": "default",
      "rawData": Object {
        "addonsConfig": Object {
          "kubernetesDashboard": Object {
            "disabled": true,
          },
          "networkPolicyConfig": Object {
            "disabled": true,
          },
        },
        "autoscaling": Object {},
        "binaryAuthorization": Object {},
        "clusterIpv4Cidr": "10.16.0.0/14",
        "createTime": "2021-02-07T17:17:28+00:00",
        "currentMasterVersion": "1.17.14-gke.1600",
        "currentNodeCount": 3,
        "currentNodeVersion": "1.17.14-gke.1600",
        "databaseEncryption": Object {
          "state": "DECRYPTED",
        },
        "endpoint": "34.69.222.23",
        "initialClusterVersion": "1.17.14-gke.1600",
        "initialNodeCount": 1,
        "instanceGroupUrls": Array [
          "https://www.googleapis.com/compute/v1/projects/j1-gc-integration-dev/zones/us-central1-f/instanceGroupManagers/gke-j1-gc-integratio-j1-gc-integratio-d0942024-grp",
          "https://www.googleapis.com/compute/v1/projects/j1-gc-integration-dev/zones/us-central1-c/instanceGroupManagers/gke-j1-gc-integratio-j1-gc-integratio-2a95071a-grp",
          "https://www.googleapis.com/compute/v1/projects/j1-gc-integration-dev/zones/us-central1-a/instanceGroupManagers/gke-j1-gc-integratio-j1-gc-integratio-6817e506-grp",
        ],
        "ipAllocationPolicy": Object {
          "useRoutes": true,
        },
        "labelFingerprint": "a9dc16a7",
        "legacyAbac": Object {},
        "location": "us-central1",
        "locations": Array [
          "us-central1-f",
          "us-central1-c",
          "us-central1-a",
        ],
        "loggingService": "logging.googleapis.com/kubernetes",
        "maintenancePolicy": Object {
          "resourceVersion": "e3b0c442",
        },
        "masterAuth": Object {
          "clusterCaCertificate": "abc123",
        },
        "masterAuthorizedNetworksConfig": Object {},
        "monitoringService": "monitoring.googleapis.com/kubernetes",
        "name": "j1-gc-integration-dev-gke-cluster",
        "network": "default",
        "networkConfig": Object {
          "network": "projects/j1-gc-integration-dev/global/networks/default",
          "subnetwork": "projects/j1-gc-integration-dev/regions/us-central1/subnetworks/default",
        },
        "nodeConfig": Object {
          "diskSizeGb": 100,
          "diskType": "pd-standard",
          "imageType": "COS",
          "machineType": "e2-micro",
          "metadata": Object {
            "disable-legacy-endpoints": "true",
          },
          "oauthScopes": Array [
            "https://www.googleapis.com/auth/cloud-platform",
          ],
          "preemptible": true,
          "serviceAccount": "j1-gc-integration-dev-gke-sa@j1-gc-integration-dev.iam.gserviceaccount.com",
          "shieldedInstanceConfig": Object {
            "enableIntegrityMonitoring": true,
          },
        },
        "nodeIpv4CidrSize": 24,
        "nodePools": Array [
          Object {
            "config": Object {
              "diskSizeGb": 100,
              "diskType": "pd-standard",
              "imageType": "COS",
              "machineType": "e2-micro",
              "metadata": Object {
                "disable-legacy-endpoints": "true",
              },
              "oauthScopes": Array [
                "https://www.googleapis.com/auth/cloud-platform",
              ],
              "preemptible": true,
              "serviceAccount": "j1-gc-integration-dev-gke-sa@j1-gc-integration-dev.iam.gserviceaccount.com",
              "shieldedInstanceConfig": Object {
                "enableIntegrityMonitoring": true,
              },
            },
            "initialNodeCount": 1,
            "instanceGroupUrls": Array [
              "https://www.googleapis.com/compute/v1/projects/j1-gc-integration-dev/zones/us-central1-f/instanceGroupManagers/gke-j1-gc-integratio-j1-gc-integratio-d0942024-grp",
              "https://www.googleapis.com/compute/v1/projects/j1-gc-integration-dev/zones/us-central1-c/instanceGroupManagers/gke-j1-gc-integratio-j1-gc-integratio-2a95071a-grp",
              "https://www.googleapis.com/compute/v1/projects/j1-gc-integration-dev/zones/us-central1-a/instanceGroupManagers/gke-j1-gc-integratio-j1-gc-integratio-6817e506-grp",
            ],
            "locations": Array [
              "us-central1-f",
              "us-central1-c",
              "us-central1-a",
            ],
            "management": Object {
              "autoRepair": true,
              "autoUpgrade": true,
            },
            "name": "j1-gc-integration-dev-gke-node-pool",
            "podIpv4CidrSize": 24,
            "selfLink": "https://container.googleapis.com/v1/projects/j1-gc-integration-dev/locations/us-central1/clusters/j1-gc-integration-dev-gke-cluster/nodePools/j1-gc-integration-dev-gke-node-pool",
            "status": "RUNNING",
            "upgradeSettings": Object {
              "maxSurge": 1,
            },
            "version": "1.17.14-gke.1600",
          },
        ],
        "releaseChannel": Object {
          "channel": "REGULAR",
        },
        "selfLink": "https://container.googleapis.com/v1/projects/j1-gc-integration-dev/locations/us-central1/clusters/j1-gc-integration-dev-gke-cluster",
        "servicesIpv4Cidr": "10.19.240.0/20",
        "shieldedNodes": Object {},
        "status": "RUNNING",
        "subnetwork": "default",
        "zone": "us-central1",
      },
    },
  ],
  "_type": "google_container_cluster",
  "active": undefined,
  "clusterIpv4Cidr": "10.16.0.0/14",
  "createdOn": 1612718248000,
  "currentMasterVersion": "1.17.14-gke.1600",
  "currentNodeCount": 3,
  "databaseEncryptionKey": undefined,
  "description": undefined,
  "databaseEncryptionState": "DECRYPTED",
  "displayName": "j1-gc-integration-dev-gke-cluster",
  "endpoint": "34.69.222.23",
  "initialClusterVersion": "1.17.14-gke.1600",
  "initialNodeCode": 1,
  "instanceGroupUrls": Array [
    "https://www.googleapis.com/compute/v1/projects/j1-gc-integration-dev/zones/us-central1-f/instanceGroupManagers/gke-j1-gc-integratio-j1-gc-integratio-d0942024-grp",
    "https://www.googleapis.com/compute/v1/projects/j1-gc-integration-dev/zones/us-central1-c/instanceGroupManagers/gke-j1-gc-integratio-j1-gc-integratio-2a95071a-grp",
    "https://www.googleapis.com/compute/v1/projects/j1-gc-integration-dev/zones/us-central1-a/instanceGroupManagers/gke-j1-gc-integratio-j1-gc-integratio-6817e506-grp",
  ],
  "kubernetesDashboardEnabled": false,
  "location": "us-central1",
  "locations": Array [
    "us-central1-f",
    "us-central1-c",
    "us-central1-a",
  ],
  "name": "j1-gc-integration-dev-gke-cluster",
  "network": "projects/j1-gc-integration-dev/global/networks/default",
  "networkPolicyConfigEnabled": false,
  "nodeDiskSizeGb": 100,
  "nodeDiskType": "pd-standard",
  "nodeEnableIntegrityMonitoring": true,
  "nodeEnableSecureBoot": undefined,
  "nodeImageType": "COS",
  "nodeIpv4CidrSize": 24,
  "nodeMachineType": "e2-micro",
  "nodeOAuthScopes": Array [
    "https://www.googleapis.com/auth/cloud-platform",
  ],
  "nodePreemptible": true,
  "releaseChannel": "REGULAR",
  "servicesIpv4Cidr": "10.19.240.0/20",
  "status": "RUNNING",
  "subnetwork": "projects/j1-gc-integration-dev/regions/us-central1/subnetworks/default",
  "useIpAliases": false,
  "useRoutes": true,
}
`;
