// Jest Snapshot v1, https://goo.gl/fbAQLP

exports[`#fetchContainerClusters should collect data 1`] = `
Object {
  "collectedEntities": Array [
    Object {
      "_class": Array [
        "Cluster",
      ],
      "_key": "https://container.googleapis.com/v1/projects/j1-gc-integration-dev-300716/zones/northamerica-northeast1-a/clusters/my-first-cluster-1",
      "_rawData": Array [
        Object {
          "name": "default",
          "rawData": Object {
            "addonsConfig": Object {
              "dnsCacheConfig": Object {},
              "gcePersistentDiskCsiDriverConfig": Object {
                "enabled": true,
              },
              "horizontalPodAutoscaling": Object {},
              "httpLoadBalancing": Object {},
              "kubernetesDashboard": Object {
                "disabled": true,
              },
              "networkPolicyConfig": Object {
                "disabled": true,
              },
            },
            "authenticatorGroupsConfig": Object {},
            "autoscaling": Object {},
            "binaryAuthorization": Object {
              "enabled": true,
            },
            "clusterIpv4Cidr": "10.60.0.0/14",
            "createTime": "2021-02-10T17:03:17+00:00",
            "currentMasterVersion": "1.18.12-gke.1205",
            "currentNodeCount": 6,
            "currentNodeVersion": "1.18.12-gke.1205",
            "databaseEncryption": Object {
              "keyName": "projects/j1-gc-integration-dev-300716/locations/northamerica-northeast1/keyRings/gke-keyring/cryptoKeys/gke-key",
              "state": "ENCRYPTED",
            },
            "defaultMaxPodsConstraint": Object {
              "maxPodsPerNode": "110",
            },
            "endpoint": "35.203.95.252",
            "initialClusterVersion": "1.18.12-gke.1205",
            "instanceGroupUrls": Array [
              "https://www.googleapis.com/compute/v1/projects/j1-gc-integration-dev-300716/zones/northamerica-northeast1-a/instanceGroupManagers/gke-my-first-cluster-1-default-pool-6343e254-grp",
              "https://www.googleapis.com/compute/v1/projects/j1-gc-integration-dev-300716/zones/northamerica-northeast1-a/instanceGroupManagers/gke-my-first-cluster-1-pool-1-c6b68b7c-grp",
            ],
            "ipAllocationPolicy": Object {
              "clusterIpv4Cidr": "10.60.0.0/14",
              "clusterIpv4CidrBlock": "10.60.0.0/14",
              "clusterSecondaryRangeName": "gke-my-first-cluster-1-pods-671cb512",
              "servicesIpv4Cidr": "10.64.0.0/20",
              "servicesIpv4CidrBlock": "10.64.0.0/20",
              "servicesSecondaryRangeName": "gke-my-first-cluster-1-services-671cb512",
              "useIpAliases": true,
            },
            "labelFingerprint": "a9dc16a7",
            "legacyAbac": Object {},
            "location": "northamerica-northeast1-a",
            "locations": Array [
              "northamerica-northeast1-a",
            ],
            "loggingService": "none",
            "maintenancePolicy": Object {
              "resourceVersion": "e3b0c442",
            },
            "masterAuth": Object {
              "clusterCaCertificate": "LS0tLS1CRUdJTiBDRVJUSUZJQ0FURS0tLS0tCk1JSURLekNDQWhPZ0F3SUJBZ0lSQVBIN3BJSUY3OUJVdnU4UVFPT2xDc3d3RFFZSktvWklodmNOQVFFTEJRQXcKTHpFdE1Dc0dBMVVFQXhNa09XVmpaamxpTlRZdFpqUTRaUzAwTkRrekxUbGhaV1F0TXpVME5ETXhOVGM1WVRWaApNQjRYRFRJeE1ESXhNREUyTURNeE4xb1hEVEkyTURJd09URTNNRE14TjFvd0x6RXRNQ3NHQTFVRUF4TWtPV1ZqClpqbGlOVFl0WmpRNFpTMDBORGt6TFRsaFpXUXRNelUwTkRNeE5UYzVZVFZoTUlJQklqQU5CZ2txaGtpRzl3MEIKQVFFRkFBT0NBUThBTUlJQkNnS0NBUUVBdVBka0QySkdVU3hmR3NPVi8yQmtnVkFFSmd6cW1XaU93eTNUKzd3QgpMcWNJVlc0MGxQY252QnZHT3pWTDc0SmtlcjZCcWVNNXoyaHFjMlpqWkgvaDNRM2dnTXhLZmdTOWMwT21la25aCi91aU5jcHRJQmRJRiszZVNwa3Zidzg0MFB5TGpreDliSlZ2OXdVclIwMnNIUmR0YlFYcWFlMmo5ejFHZlNhWmYKek9sbDJGOC9heEhDOUUrRDNQZDhpVkp2RFBQdWVIMk9SYlVWb3EzSlF4S1psN01pc0wwbG1jVlowS3phV0F0Lwo4dDNxcEdzaEtPT2pqOGxQbUlacnN0WW9hYWNOenc5dG9zbndGNitRR3NTWU9jMWs5ZTNtZnZaeUV4ZVlYOWZJCmkwSjJ2MXRyelUwUnFySHRIanB2R3hGcVRMQTl0YWhvbG42NUxUenVtVk1aVFFJREFRQUJvMEl3UURBT0JnTlYKSFE4QkFmOEVCQU1DQWdRd0R3WURWUjBUQVFIL0JBVXdBd0VCL3pBZEJnTlZIUTRFRmdRVWl3aFlPbXBWOUNwNwpvRm5pakt2NkswMjU3SjR3RFFZSktvWklodmNOQVFFTEJRQURnZ0VCQUN4ZHJkOUg0RzBCOGNLRWxMeXpDbHcrCkhBaTZLR05UTDBrYXV6MG9SdytzT2lzaHdZTk9uZEhHalVmWnpFSXM1U01wZnNZVmdwbFRkRXhlc2xTclpOVmUKMXovM0djdEN6N3M5T0xGK3RJSm5mQ1gySENoVkFYR3QrczJEYmQyRjhnT3haQktXNXFPTVd6RmlQc0F1MnJFaQprQTBzc0NVVEhkYjVWcHI1WlhUTGhrVDJLa0Z5YURMK2FlblI4VThZMmdQWEI4KzBkT2dWeHB5Z0lEQmIrbmNrCnNHMjNkNGtSdVI5VVVBREkyTjkzOWNBK1Yyc2p1dHluWDdlWXpoaDkrWkNGL0xYWGtqcHpOL0FzelJqbCtvSGIKZ2xoZ3lPbXFQajduMmFGZUpVTHkvUEZuNEd6MWJ4U0o2L0dieWVuak5zNTJLVjZEbzV5YUZic2VwVTRJaHlJPQotLS0tLUVORCBDRVJUSUZJQ0FURS0tLS0tCg==",
            },
            "masterAuthorizedNetworksConfig": Object {},
            "monitoringService": "none",
            "name": "my-first-cluster-1",
            "network": "default",
            "networkConfig": Object {
              "network": "projects/j1-gc-integration-dev-300716/global/networks/default",
              "subnetwork": "projects/j1-gc-integration-dev-300716/regions/northamerica-northeast1/subnetworks/default",
            },
            "nodeConfig": Object {
              "diskSizeGb": 32,
              "diskType": "pd-standard",
              "imageType": "COS",
              "machineType": "g1-small",
              "metadata": Object {
                "disable-legacy-endpoints": "true",
              },
              "oauthScopes": Array [
                "https://www.googleapis.com/auth/devstorage.read_only",
                "https://www.googleapis.com/auth/logging.write",
                "https://www.googleapis.com/auth/monitoring",
                "https://www.googleapis.com/auth/servicecontrol",
                "https://www.googleapis.com/auth/service.management.readonly",
                "https://www.googleapis.com/auth/trace.append",
              ],
              "serviceAccount": "default",
              "shieldedInstanceConfig": Object {
                "enableIntegrityMonitoring": true,
              },
            },
            "notificationConfig": Object {
              "pubsub": Object {},
            },
            "releaseChannel": Object {
              "channel": "RAPID",
            },
            "selfLink": "https://container.googleapis.com/v1/projects/j1-gc-integration-dev-300716/zones/northamerica-northeast1-a/clusters/my-first-cluster-1",
            "servicesIpv4Cidr": "10.64.0.0/20",
            "shieldedNodes": Object {
              "enabled": true,
            },
            "status": "RUNNING",
            "subnetwork": "default",
            "zone": "northamerica-northeast1-a",
          },
        },
      ],
      "_type": "google_container_cluster",
      "abacEnabled": false,
      "active": undefined,
      "basicAuthenticationEnabled": false,
      "binaryAuthorizationEnabled": true,
      "clientCertificatesEnabled": false,
      "clusterIpv4Cidr": "10.60.0.0/14",
      "createdOn": 1612976597000,
      "currentMasterVersion": "1.18.12-gke.1205",
      "currentNodeCount": 6,
      "databaseEncryptionKey": "projects/j1-gc-integration-dev-300716/locations/northamerica-northeast1/keyRings/gke-keyring/cryptoKeys/gke-key",
      "databaseEncryptionState": "ENCRYPTED",
      "description": undefined,
      "displayName": "my-first-cluster-1",
      "endpoint": "35.203.95.252",
      "initialClusterVersion": "1.18.12-gke.1205",
      "initialNodeCode": undefined,
      "instanceGroupUrls": Array [
        "https://www.googleapis.com/compute/v1/projects/j1-gc-integration-dev-300716/zones/northamerica-northeast1-a/instanceGroupManagers/gke-my-first-cluster-1-default-pool-6343e254-grp",
        "https://www.googleapis.com/compute/v1/projects/j1-gc-integration-dev-300716/zones/northamerica-northeast1-a/instanceGroupManagers/gke-my-first-cluster-1-pool-1-c6b68b7c-grp",
      ],
      "intraNodeVisibilityEnabled": false,
      "isAlphaCluster": false,
      "kubernetesDashboardEnabled": false,
      "location": "northamerica-northeast1-a",
      "locations": Array [
        "northamerica-northeast1-a",
      ],
      "loggingService": "none",
      "masterAuthorizedNetworksEnabled": false,
      "monitoringService": "none",
      "name": "my-first-cluster-1",
      "network": "projects/j1-gc-integration-dev-300716/global/networks/default",
      "networkPolicyConfigEnabled": false,
      "networkPolicyEnabled": false,
      "nodeDiskSizeGb": 32,
      "nodeDiskType": "pd-standard",
      "nodeEnableIntegrityMonitoring": true,
      "nodeEnableSecureBoot": undefined,
      "nodeImageType": "COS",
      "nodeIpv4CidrSize": undefined,
      "nodeMachineType": "g1-small",
      "nodeOAuthScopes": Array [
        "https://www.googleapis.com/auth/devstorage.read_only",
        "https://www.googleapis.com/auth/logging.write",
        "https://www.googleapis.com/auth/monitoring",
        "https://www.googleapis.com/auth/servicecontrol",
        "https://www.googleapis.com/auth/service.management.readonly",
        "https://www.googleapis.com/auth/trace.append",
      ],
      "nodePreemptible": undefined,
      "privateEndpointEnabled": false,
      "privateNodesEnabled": false,
      "rbacEnabled": false,
      "releaseChannel": "RAPID",
      "servicesIpv4Cidr": "10.64.0.0/20",
      "shieldedNodesEnabled": true,
      "status": "RUNNING",
      "subnetwork": "projects/j1-gc-integration-dev-300716/regions/northamerica-northeast1/subnetworks/default",
      "useIpAliases": true,
      "useRoutes": false,
      "webLink": "https://console.cloud.google.com/kubernetes/clusters/details/northamerica-northeast1-a/my-first-cluster-1/details?folder=&organizationId=&project=j1-gc-integration-dev-300716",
    },
    Object {
      "_class": Array [
        "Group",
      ],
      "_key": "https://container.googleapis.com/v1/projects/j1-gc-integration-dev-300716/zones/northamerica-northeast1-a/clusters/my-first-cluster-1/nodePools/default-pool",
      "_rawData": Array [
        Object {
          "name": "default",
          "rawData": Object {
            "autoscaling": Object {},
            "config": Object {
              "diskSizeGb": 32,
              "diskType": "pd-standard",
              "imageType": "COS",
              "machineType": "g1-small",
              "metadata": Object {
                "disable-legacy-endpoints": "true",
              },
              "oauthScopes": Array [
                "https://www.googleapis.com/auth/devstorage.read_only",
                "https://www.googleapis.com/auth/logging.write",
                "https://www.googleapis.com/auth/monitoring",
                "https://www.googleapis.com/auth/servicecontrol",
                "https://www.googleapis.com/auth/service.management.readonly",
                "https://www.googleapis.com/auth/trace.append",
              ],
              "serviceAccount": "default",
              "shieldedInstanceConfig": Object {
                "enableIntegrityMonitoring": true,
              },
            },
            "initialNodeCount": 3,
            "instanceGroupUrls": Array [
              "https://www.googleapis.com/compute/v1/projects/j1-gc-integration-dev-300716/zones/northamerica-northeast1-a/instanceGroupManagers/gke-my-first-cluster-1-default-pool-6343e254-grp",
            ],
            "locations": Array [
              "northamerica-northeast1-a",
            ],
            "management": Object {
              "autoRepair": true,
              "autoUpgrade": true,
            },
            "maxPodsConstraint": Object {
              "maxPodsPerNode": "110",
            },
            "name": "default-pool",
            "podIpv4CidrSize": 24,
            "selfLink": "https://container.googleapis.com/v1/projects/j1-gc-integration-dev-300716/zones/northamerica-northeast1-a/clusters/my-first-cluster-1/nodePools/default-pool",
            "status": "RUNNING",
            "upgradeSettings": Object {
              "maxSurge": 1,
            },
            "version": "1.18.12-gke.1205",
          },
        },
      ],
      "_type": "google_container_node_pool",
      "active": undefined,
      "autoRepairEnabled": true,
      "autoUpgradeEnabled": true,
      "createdOn": undefined,
      "displayName": "default-pool",
      "gkeMetadataServerEnabled": false,
      "gkeSandboxEnabled": false,
      "imageType": "COS",
      "initialNodeCount": 3,
      "integrityMonitoringEnabled": true,
      "legacyEndpointsDisabled": true,
      "name": "default-pool",
      "podIpv4CidrSize": 24,
      "secureBootEnabled": false,
      "status": "RUNNING",
      "statusMessage": undefined,
      "version": "1.18.12-gke.1205",
      "webLink": "https://console.cloud.google.com/kubernetes/nodepool/northamerica-northeast1-a/my-first-cluster-1/default-pool?folder=&organizationId=&project=j1-gc-integration-dev-300716",
    },
    Object {
      "_class": Array [
        "Group",
      ],
      "_key": "https://container.googleapis.com/v1/projects/j1-gc-integration-dev-300716/zones/northamerica-northeast1-a/clusters/my-first-cluster-1/nodePools/pool-1",
      "_rawData": Array [
        Object {
          "name": "default",
          "rawData": Object {
            "autoscaling": Object {},
            "config": Object {
              "diskSizeGb": 30,
              "diskType": "pd-standard",
              "imageType": "COS",
              "machineType": "e2-micro",
              "metadata": Object {
                "disable-legacy-endpoints": "true",
              },
              "oauthScopes": Array [
                "https://www.googleapis.com/auth/devstorage.read_only",
                "https://www.googleapis.com/auth/logging.write",
                "https://www.googleapis.com/auth/monitoring",
                "https://www.googleapis.com/auth/servicecontrol",
                "https://www.googleapis.com/auth/service.management.readonly",
                "https://www.googleapis.com/auth/trace.append",
              ],
              "serviceAccount": "default",
              "shieldedInstanceConfig": Object {
                "enableIntegrityMonitoring": true,
              },
            },
            "initialNodeCount": 3,
            "instanceGroupUrls": Array [
              "https://www.googleapis.com/compute/v1/projects/j1-gc-integration-dev-300716/zones/northamerica-northeast1-a/instanceGroupManagers/gke-my-first-cluster-1-pool-1-c6b68b7c-grp",
            ],
            "locations": Array [
              "northamerica-northeast1-a",
            ],
            "management": Object {
              "autoRepair": true,
              "autoUpgrade": true,
            },
            "maxPodsConstraint": Object {
              "maxPodsPerNode": "110",
            },
            "name": "pool-1",
            "podIpv4CidrSize": 24,
            "selfLink": "https://container.googleapis.com/v1/projects/j1-gc-integration-dev-300716/zones/northamerica-northeast1-a/clusters/my-first-cluster-1/nodePools/pool-1",
            "status": "RUNNING",
            "upgradeSettings": Object {
              "maxSurge": 1,
            },
            "version": "1.18.12-gke.1205",
          },
        },
      ],
      "_type": "google_container_node_pool",
      "active": undefined,
      "autoRepairEnabled": true,
      "autoUpgradeEnabled": true,
      "createdOn": undefined,
      "displayName": "pool-1",
      "gkeMetadataServerEnabled": false,
      "gkeSandboxEnabled": false,
      "imageType": "COS",
      "initialNodeCount": 3,
      "integrityMonitoringEnabled": true,
      "legacyEndpointsDisabled": true,
      "name": "pool-1",
      "podIpv4CidrSize": 24,
      "secureBootEnabled": false,
      "status": "RUNNING",
      "statusMessage": undefined,
      "version": "1.18.12-gke.1205",
      "webLink": "https://console.cloud.google.com/kubernetes/nodepool/northamerica-northeast1-a/my-first-cluster-1/pool-1?folder=&organizationId=&project=j1-gc-integration-dev-300716",
    },
    Object {
      "_class": Array [
        "Cluster",
      ],
      "_key": "https://container.googleapis.com/v1/projects/j1-gc-integration-dev-300716/locations/us-central1/clusters/j1-gc-integration-dev-gke-cluster",
      "_rawData": Array [
        Object {
          "name": "default",
          "rawData": Object {
            "addonsConfig": Object {
              "kubernetesDashboard": Object {
                "disabled": true,
              },
              "networkPolicyConfig": Object {
                "disabled": true,
              },
            },
            "autoscaling": Object {},
            "binaryAuthorization": Object {
              "enabled": true,
            },
            "clusterIpv4Cidr": "10.16.0.0/14",
            "createTime": "2021-02-10T15:47:52+00:00",
            "currentMasterVersion": "1.17.14-gke.1600",
            "currentNodeCount": 3,
            "currentNodeVersion": "1.17.14-gke.1600",
            "databaseEncryption": Object {
              "state": "DECRYPTED",
            },
            "endpoint": "35.226.55.105",
            "initialClusterVersion": "1.17.14-gke.1600",
            "initialNodeCount": 1,
            "instanceGroupUrls": Array [
              "https://www.googleapis.com/compute/v1/projects/j1-gc-integration-dev-300716/zones/us-central1-a/instanceGroupManagers/gke-j1-gc-integratio-j1-gc-integratio-351d0581-grp",
              "https://www.googleapis.com/compute/v1/projects/j1-gc-integration-dev-300716/zones/us-central1-b/instanceGroupManagers/gke-j1-gc-integratio-j1-gc-integratio-22867c40-grp",
              "https://www.googleapis.com/compute/v1/projects/j1-gc-integration-dev-300716/zones/us-central1-f/instanceGroupManagers/gke-j1-gc-integratio-j1-gc-integratio-671fb08f-grp",
            ],
            "ipAllocationPolicy": Object {
              "useRoutes": true,
            },
            "labelFingerprint": "a9dc16a7",
            "legacyAbac": Object {},
            "location": "us-central1",
            "locations": Array [
              "us-central1-a",
              "us-central1-b",
              "us-central1-f",
            ],
            "loggingService": "logging.googleapis.com/kubernetes",
            "maintenancePolicy": Object {
              "resourceVersion": "e3b0c442",
            },
            "masterAuth": Object {
              "clusterCaCertificate": "LS0tLS1CRUdJTiBDRVJUSUZJQ0FURS0tLS0tCk1JSURLakNDQWhLZ0F3SUJBZ0lRRGxROE5VRGtjckpEYVBUQTBnR1ZSVEFOQmdrcWhraUc5dzBCQVFzRkFEQXYKTVMwd0t3WURWUVFERXlSaE5tRXlNVE5oTUMxaFl6bGhMVFJoWmpBdFlqRTBPQzAwTnpNeU16QmxabUUyTmprdwpIaGNOTWpFd01qRXdNVFEwTnpVeldoY05Nall3TWpBNU1UVTBOelV6V2pBdk1TMHdLd1lEVlFRREV5UmhObUV5Ck1UTmhNQzFoWXpsaExUUmhaakF0WWpFME9DMDBOek15TXpCbFptRTJOamt3Z2dFaU1BMEdDU3FHU0liM0RRRUIKQVFVQUE0SUJEd0F3Z2dFS0FvSUJBUUM0VUREYXc0ekdoclZTMmgxOEFLMFBpZ1dEKzlTenpYZlo4MmpNRmd5NwpENytobnBsYlRVNGJJQ3o2Y2o0b1djRm0zUVdqZERrRG5IZXJLT05YWmdJbmJadHhOUUtOTDlDN2NPSjQ1d0RvCkh6TFJZQXF6dXBSbGxyYzMzYm50cFM4SHlLSFFWL0Erem9rL0xiSTBKYUkycWxYN3ZhL28xdGZvMzBJVFZEaTIKTkhmMzAvdjdTSkM0VHhZVFNGMlJFQkZrM0NITjUyYUVGQU1yMDVVdlI3aXZqUHFlakdPZVQydVRtNzViRE0zQQpITlhSZ3lEbWJVNFVXNUFmbDhBSVJPVlI5MlRlVWp1V3p0OWE2QmxCR2xLdmZicU9uQVI0VTdDamlEdjJMc29jCmwyQlZuTzVJKzE2eWtWRm00SW5jazZaeUZPcXovU215NUtaUnEzUkpBS3JGQWdNQkFBR2pRakJBTUE0R0ExVWQKRHdFQi93UUVBd0lDQkRBUEJnTlZIUk1CQWY4RUJUQURBUUgvTUIwR0ExVWREZ1FXQkJTdTU3azcvdGtvUjRDYwpabVYxdUZMdmZVajh3ekFOQmdrcWhraUc5dzBCQVFzRkFBT0NBUUVBSW5qRmU1dE5LT0F1cHpYdkVZN3h1SzUyCnBRU0Zhd3kwUGlrcnR2RXVDZFdBWXNLVkFMSVFuY21KUmZlQktIV3VpRUhXZTdqbWtLUUkvN3U4ckE3SksvU3MKQXNwTGtEZmpqai9ZVk9RM1JaL2h2emU0endkMFRNSHUzTkFBOGlDaUpSNDhmZUJaK3FvNUkrRllzT203WDRMdgozWUcyMGpTV0o4MkxkeWphSXJyM29FK0hRdVJEMUlkcDRWdllyVzlqUW44aGRhQzRDdmFZZGZlN3RkMzYvL2t6CjBKTGs1SFBJanFPd2xLeHJrMFB4T0J2V0ZTMERRVEtCbnNPOFZ4VmtSRG12MVNYRFBwSzB1UEJzY1QyYlcxSWUKUENGM1BudTFJdVhaQ0I3VFlvM0w3SVVpMEtWeUp5S2wvMXhhbUxsdWJONld5RzRlalhzMk16WmxlNElUTkE9PQotLS0tLUVORCBDRVJUSUZJQ0FURS0tLS0tCg==",
            },
            "masterAuthorizedNetworksConfig": Object {},
            "monitoringService": "monitoring.googleapis.com/kubernetes",
            "name": "j1-gc-integration-dev-gke-cluster",
            "network": "default",
            "networkConfig": Object {
              "network": "projects/j1-gc-integration-dev-300716/global/networks/default",
              "subnetwork": "projects/j1-gc-integration-dev-300716/regions/us-central1/subnetworks/default",
            },
            "nodeConfig": Object {
              "diskSizeGb": 100,
              "diskType": "pd-standard",
              "imageType": "COS",
              "machineType": "e2-micro",
              "metadata": Object {
                "disable-legacy-endpoints": "true",
              },
              "oauthScopes": Array [
                "https://www.googleapis.com/auth/cloud-platform",
              ],
              "preemptible": true,
              "serviceAccount": "j1-gc-integration-dev-gke-sa@j1-gc-integration-dev-300716.iam.gserviceaccount.com",
              "shieldedInstanceConfig": Object {
                "enableIntegrityMonitoring": true,
              },
            },
            "nodeIpv4CidrSize": 24,
            "releaseChannel": Object {
              "channel": "REGULAR",
            },
            "selfLink": "https://container.googleapis.com/v1/projects/j1-gc-integration-dev-300716/locations/us-central1/clusters/j1-gc-integration-dev-gke-cluster",
            "servicesIpv4Cidr": "10.19.240.0/20",
            "shieldedNodes": Object {},
            "status": "RUNNING",
            "subnetwork": "default",
            "zone": "us-central1",
          },
        },
      ],
      "_type": "google_container_cluster",
      "abacEnabled": false,
      "active": undefined,
      "basicAuthenticationEnabled": false,
      "binaryAuthorizationEnabled": true,
      "clientCertificatesEnabled": false,
      "clusterIpv4Cidr": "10.16.0.0/14",
      "createdOn": 1612972072000,
      "currentMasterVersion": "1.17.14-gke.1600",
      "currentNodeCount": 3,
      "databaseEncryptionKey": undefined,
      "databaseEncryptionState": "DECRYPTED",
      "description": undefined,
      "displayName": "j1-gc-integration-dev-gke-cluster",
      "endpoint": "35.226.55.105",
      "initialClusterVersion": "1.17.14-gke.1600",
      "initialNodeCode": 1,
      "instanceGroupUrls": Array [
        "https://www.googleapis.com/compute/v1/projects/j1-gc-integration-dev-300716/zones/us-central1-a/instanceGroupManagers/gke-j1-gc-integratio-j1-gc-integratio-351d0581-grp",
        "https://www.googleapis.com/compute/v1/projects/j1-gc-integration-dev-300716/zones/us-central1-b/instanceGroupManagers/gke-j1-gc-integratio-j1-gc-integratio-22867c40-grp",
        "https://www.googleapis.com/compute/v1/projects/j1-gc-integration-dev-300716/zones/us-central1-f/instanceGroupManagers/gke-j1-gc-integratio-j1-gc-integratio-671fb08f-grp",
      ],
      "intraNodeVisibilityEnabled": false,
      "isAlphaCluster": false,
      "kubernetesDashboardEnabled": false,
      "location": "us-central1",
      "locations": Array [
        "us-central1-a",
        "us-central1-b",
        "us-central1-f",
      ],
      "loggingService": "logging.googleapis.com/kubernetes",
      "masterAuthorizedNetworksEnabled": false,
      "monitoringService": "monitoring.googleapis.com/kubernetes",
      "name": "j1-gc-integration-dev-gke-cluster",
      "network": "projects/j1-gc-integration-dev-300716/global/networks/default",
      "networkPolicyConfigEnabled": false,
      "networkPolicyEnabled": false,
      "nodeDiskSizeGb": 100,
      "nodeDiskType": "pd-standard",
      "nodeEnableIntegrityMonitoring": true,
      "nodeEnableSecureBoot": undefined,
      "nodeImageType": "COS",
      "nodeIpv4CidrSize": 24,
      "nodeMachineType": "e2-micro",
      "nodeOAuthScopes": Array [
        "https://www.googleapis.com/auth/cloud-platform",
      ],
      "nodePreemptible": true,
      "privateEndpointEnabled": false,
      "privateNodesEnabled": false,
      "rbacEnabled": false,
      "releaseChannel": "REGULAR",
      "servicesIpv4Cidr": "10.19.240.0/20",
      "shieldedNodesEnabled": false,
      "status": "RUNNING",
      "subnetwork": "projects/j1-gc-integration-dev-300716/regions/us-central1/subnetworks/default",
      "useIpAliases": false,
      "useRoutes": true,
      "webLink": "https://console.cloud.google.com/kubernetes/clusters/details/us-central1/j1-gc-integration-dev-gke-cluster/details?folder=&organizationId=&project=j1-gc-integration-dev-300716",
    },
    Object {
      "_class": Array [
        "Group",
      ],
      "_key": "https://container.googleapis.com/v1/projects/j1-gc-integration-dev-300716/locations/us-central1/clusters/j1-gc-integration-dev-gke-cluster/nodePools/j1-gc-integration-dev-gke-node-pool",
      "_rawData": Array [
        Object {
          "name": "default",
          "rawData": Object {
            "config": Object {
              "diskSizeGb": 100,
              "diskType": "pd-standard",
              "imageType": "COS",
              "machineType": "e2-micro",
              "metadata": Object {
                "disable-legacy-endpoints": "true",
              },
              "oauthScopes": Array [
                "https://www.googleapis.com/auth/cloud-platform",
              ],
              "preemptible": true,
              "serviceAccount": "j1-gc-integration-dev-gke-sa@j1-gc-integration-dev-300716.iam.gserviceaccount.com",
              "shieldedInstanceConfig": Object {
                "enableIntegrityMonitoring": true,
              },
            },
            "initialNodeCount": 1,
            "instanceGroupUrls": Array [
              "https://www.googleapis.com/compute/v1/projects/j1-gc-integration-dev-300716/zones/us-central1-a/instanceGroupManagers/gke-j1-gc-integratio-j1-gc-integratio-351d0581-grp",
              "https://www.googleapis.com/compute/v1/projects/j1-gc-integration-dev-300716/zones/us-central1-b/instanceGroupManagers/gke-j1-gc-integratio-j1-gc-integratio-22867c40-grp",
              "https://www.googleapis.com/compute/v1/projects/j1-gc-integration-dev-300716/zones/us-central1-f/instanceGroupManagers/gke-j1-gc-integratio-j1-gc-integratio-671fb08f-grp",
            ],
            "locations": Array [
              "us-central1-a",
              "us-central1-b",
              "us-central1-f",
            ],
            "management": Object {
              "autoRepair": true,
              "autoUpgrade": true,
            },
            "name": "j1-gc-integration-dev-gke-node-pool",
            "podIpv4CidrSize": 24,
            "selfLink": "https://container.googleapis.com/v1/projects/j1-gc-integration-dev-300716/locations/us-central1/clusters/j1-gc-integration-dev-gke-cluster/nodePools/j1-gc-integration-dev-gke-node-pool",
            "status": "RUNNING",
            "upgradeSettings": Object {
              "maxSurge": 1,
            },
            "version": "1.17.14-gke.1600",
          },
        },
      ],
      "_type": "google_container_node_pool",
      "active": undefined,
      "autoRepairEnabled": true,
      "autoUpgradeEnabled": true,
      "createdOn": undefined,
      "displayName": "j1-gc-integration-dev-gke-node-pool",
      "gkeMetadataServerEnabled": false,
      "gkeSandboxEnabled": false,
      "imageType": "COS",
      "initialNodeCount": 1,
      "integrityMonitoringEnabled": true,
      "legacyEndpointsDisabled": true,
      "name": "j1-gc-integration-dev-gke-node-pool",
      "podIpv4CidrSize": 24,
      "secureBootEnabled": false,
      "status": "RUNNING",
      "statusMessage": undefined,
      "version": "1.17.14-gke.1600",
      "webLink": "https://console.cloud.google.com/kubernetes/nodepool/us-central1/j1-gc-integration-dev-gke-cluster/j1-gc-integration-dev-gke-node-pool?folder=&organizationId=&project=j1-gc-integration-dev-300716",
    },
  ],
  "collectedRelationships": Array [
    Object {
      "_class": "HAS",
      "_fromEntityKey": "https://container.googleapis.com/v1/projects/j1-gc-integration-dev-300716/zones/northamerica-northeast1-a/clusters/my-first-cluster-1",
      "_key": "https://container.googleapis.com/v1/projects/j1-gc-integration-dev-300716/zones/northamerica-northeast1-a/clusters/my-first-cluster-1|has|https://container.googleapis.com/v1/projects/j1-gc-integration-dev-300716/zones/northamerica-northeast1-a/clusters/my-first-cluster-1/nodePools/default-pool",
      "_toEntityKey": "https://container.googleapis.com/v1/projects/j1-gc-integration-dev-300716/zones/northamerica-northeast1-a/clusters/my-first-cluster-1/nodePools/default-pool",
      "_type": "google_container_cluster_has_node_pool",
      "displayName": "HAS",
    },
    Object {
      "_class": "HAS",
      "_fromEntityKey": "https://container.googleapis.com/v1/projects/j1-gc-integration-dev-300716/zones/northamerica-northeast1-a/clusters/my-first-cluster-1",
      "_key": "https://container.googleapis.com/v1/projects/j1-gc-integration-dev-300716/zones/northamerica-northeast1-a/clusters/my-first-cluster-1|has|https://container.googleapis.com/v1/projects/j1-gc-integration-dev-300716/zones/northamerica-northeast1-a/clusters/my-first-cluster-1/nodePools/pool-1",
      "_toEntityKey": "https://container.googleapis.com/v1/projects/j1-gc-integration-dev-300716/zones/northamerica-northeast1-a/clusters/my-first-cluster-1/nodePools/pool-1",
      "_type": "google_container_cluster_has_node_pool",
      "displayName": "HAS",
    },
    Object {
      "_class": "HAS",
      "_fromEntityKey": "https://container.googleapis.com/v1/projects/j1-gc-integration-dev-300716/locations/us-central1/clusters/j1-gc-integration-dev-gke-cluster",
      "_key": "https://container.googleapis.com/v1/projects/j1-gc-integration-dev-300716/locations/us-central1/clusters/j1-gc-integration-dev-gke-cluster|has|https://container.googleapis.com/v1/projects/j1-gc-integration-dev-300716/locations/us-central1/clusters/j1-gc-integration-dev-gke-cluster/nodePools/j1-gc-integration-dev-gke-node-pool",
      "_toEntityKey": "https://container.googleapis.com/v1/projects/j1-gc-integration-dev-300716/locations/us-central1/clusters/j1-gc-integration-dev-gke-cluster/nodePools/j1-gc-integration-dev-gke-node-pool",
      "_type": "google_container_cluster_has_node_pool",
      "displayName": "HAS",
    },
  ],
  "encounteredTypes": Array [
    "google_container_cluster",
    "google_container_node_pool",
    "google_container_cluster_has_node_pool",
  ],
  "numCollectedEntities": 5,
  "numCollectedRelationships": 3,
}
`;
