// Jest Snapshot v1, https://goo.gl/fbAQLP

exports[`#createDataprocClusterEntity should convert to entity 1`] = `
Object {
  "_class": Array [
    "Cluster",
  ],
  "_key": "12345678-8d9f-1234-5678-65cf0691abd0",
  "_rawData": Array [
    Object {
      "name": "default",
      "rawData": Object {
        "clusterName": "sample-cluster-name",
        "clusterUuid": "12345678-8d9f-1234-5678-65cf0691abd0",
        "config": Object {
          "configBucket": "dataproc-staging-europe-north1-167984947943-oqqo30p7",
          "gceClusterConfig": Object {
            "networkUri": "https://www.googleapis.com/compute/v1/projects/j1-gc-integration-dev-v3/global/networks/default",
            "zoneUri": "https://www.googleapis.com/compute/v1/projects/j1-gc-integration-dev-v3/zones/europe-north1-b",
          },
          "masterConfig": Object {
            "imageUri": "https://www.googleapis.com/compute/v1/projects/cloud-dataproc/global/images/dataproc-2-0-deb10-20210711-000000-rc01",
            "machineTypeUri": "https://www.googleapis.com/compute/v1/projects/j1-gc-integration-dev-v3/zones/europe-north1-b/machineTypes/n1-standard-4",
            "minCpuPlatform": "AUTOMATIC",
            "numInstances": 1,
            "preemptibility": "NON_PREEMPTIBLE",
          },
          "softwareConfig": Object {
            "imageVersion": "2.0.13-debian10",
          },
          "tempBucket": "dataproc-temp-europe-north1-167984947943-0quq0oz0",
          "workerConfig": Object {
            "imageUri": "https://www.googleapis.com/compute/v1/projects/cloud-dataproc/global/images/dataproc-2-0-deb10-20210711-000000-rc01",
            "machineTypeUri": "https://www.googleapis.com/compute/v1/projects/j1-gc-integration-dev-v3/zones/europe-north1-b/machineTypes/n1-standard-4",
            "minCpuPlatform": "AUTOMATIC",
            "numInstances": 2,
            "preemptibility": "NON_PREEMPTIBLE",
          },
        },
        "projectId": "sample-project-id",
        "status": Object {
          "state": "RUNNING",
        },
      },
    },
  ],
  "_type": "google_dataproc_cluster",
  "active": true,
  "configBucket": "dataproc-staging-europe-north1-167984947943-oqqo30p7",
  "createdOn": undefined,
  "displayName": "sample-cluster-name",
  "masterConfigImageUri": "https://www.googleapis.com/compute/v1/projects/cloud-dataproc/global/images/dataproc-2-0-deb10-20210711-000000-rc01",
  "masterConfigMachineTypeUri": "https://www.googleapis.com/compute/v1/projects/j1-gc-integration-dev-v3/zones/europe-north1-b/machineTypes/n1-standard-4",
  "masterConfigMinCpuPlatform": "AUTOMATIC",
  "masterConfigNumInstances": 1,
  "masterConfigPreemptibility": "NON_PREEMPTIBLE",
  "name": "sample-cluster-name",
  "networkUri": "https://www.googleapis.com/compute/v1/projects/j1-gc-integration-dev-v3/global/networks/default",
  "softwareConfigImageVersion": "2.0.13-debian10",
  "status": "RUNNING",
  "tempBucket": "dataproc-temp-europe-north1-167984947943-0quq0oz0",
  "webLink": "https://console.cloud.google.com/dataproc/clusters?project=sample-project-id",
  "workerConfigImageUri": "https://www.googleapis.com/compute/v1/projects/cloud-dataproc/global/images/dataproc-2-0-deb10-20210711-000000-rc01",
  "workerConfigMachineTypeUri": "https://www.googleapis.com/compute/v1/projects/j1-gc-integration-dev-v3/zones/europe-north1-b/machineTypes/n1-standard-4",
  "workerConfigMinCpuPlatform": "AUTOMATIC",
  "workerConfigNumInstances": 2,
  "workerConfigPreemptibility": "NON_PREEMPTIBLE",
  "zoneUri": "https://www.googleapis.com/compute/v1/projects/j1-gc-integration-dev-v3/zones/europe-north1-b",
}
`;
