// Jest Snapshot v1, https://goo.gl/fbAQLP

exports[`#fetchDataprocClusters should collect data 1`] = `
Object {
  "collectedEntities": Array [
    Object {
      "_class": Array [
        "Cluster",
      ],
      "_key": "4180d609-2dad-45b6-bd80-5b93be7c9f7d",
      "_rawData": Array [
        Object {
          "name": "default",
          "rawData": Object {
            "clusterName": "cluster-4da3",
            "clusterUuid": "4180d609-2dad-45b6-bd80-5b93be7c9f7d",
            "config": Object {
              "configBucket": "dataproc-staging-europe-north1-167984947943-oqqo30p7",
              "encryptionConfig": Object {},
              "endpointConfig": Object {},
              "gceClusterConfig": Object {
                "networkUri": "https://www.googleapis.com/compute/v1/projects/j1-gc-integration-dev-v3/global/networks/default",
                "serviceAccountScopes": Array [
                  "https://www.googleapis.com/auth/bigquery",
                  "https://www.googleapis.com/auth/bigtable.admin.table",
                  "https://www.googleapis.com/auth/bigtable.data",
                  "https://www.googleapis.com/auth/cloud.useraccounts.readonly",
                  "https://www.googleapis.com/auth/devstorage.full_control",
                  "https://www.googleapis.com/auth/devstorage.read_write",
                  "https://www.googleapis.com/auth/logging.write",
                ],
                "shieldedInstanceConfig": Object {},
                "zoneUri": "https://www.googleapis.com/compute/v1/projects/j1-gc-integration-dev-v3/zones/europe-north1-b",
              },
              "masterConfig": Object {
                "diskConfig": Object {
                  "bootDiskSizeGb": 500,
                  "bootDiskType": "pd-standard",
                },
                "imageUri": "https://www.googleapis.com/compute/v1/projects/cloud-dataproc/global/images/dataproc-2-0-deb10-20210711-000000-rc01",
                "instanceNames": Array [
                  "cluster-4da3-m",
                ],
                "machineTypeUri": "https://www.googleapis.com/compute/v1/projects/j1-gc-integration-dev-v3/zones/europe-north1-b/machineTypes/n1-standard-4",
                "minCpuPlatform": "AUTOMATIC",
                "numInstances": 1,
                "preemptibility": "NON_PREEMPTIBLE",
              },
              "securityConfig": Object {
                "kerberosConfig": Object {},
              },
              "softwareConfig": Object {
                "imageVersion": "2.0.13-debian10",
                "properties": Object {
                  "capacity-scheduler:yarn.scheduler.capacity.root.default.ordering-policy": "fair",
                  "core:fs.gs.block.size": "134217728",
                  "core:fs.gs.metadata.cache.enable": "false",
                  "core:hadoop.ssl.enabled.protocols": "TLSv1,TLSv1.1,TLSv1.2",
                  "distcp:mapreduce.map.java.opts": "-Xmx768m",
                  "distcp:mapreduce.map.memory.mb": "1024",
                  "distcp:mapreduce.reduce.java.opts": "-Xmx768m",
                  "distcp:mapreduce.reduce.memory.mb": "1024",
                  "hadoop-env:HADOOP_DATANODE_OPTS": "-Xmx512m",
                  "hdfs:dfs.datanode.address": "0.0.0.0:9866",
                  "hdfs:dfs.datanode.http.address": "0.0.0.0:9864",
                  "hdfs:dfs.datanode.https.address": "0.0.0.0:9865",
                  "hdfs:dfs.datanode.ipc.address": "0.0.0.0:9867",
                  "hdfs:dfs.namenode.handler.count": "20",
                  "hdfs:dfs.namenode.http-address": "0.0.0.0:9870",
                  "hdfs:dfs.namenode.https-address": "0.0.0.0:9871",
                  "hdfs:dfs.namenode.lifeline.rpc-address": "cluster-4da3-m:8050",
                  "hdfs:dfs.namenode.secondary.http-address": "0.0.0.0:9868",
                  "hdfs:dfs.namenode.secondary.https-address": "0.0.0.0:9869",
                  "hdfs:dfs.namenode.service.handler.count": "10",
                  "hdfs:dfs.namenode.servicerpc-address": "cluster-4da3-m:8051",
                  "hive:hive.fetch.task.conversion": "none",
                  "mapred-env:HADOOP_JOB_HISTORYSERVER_HEAPSIZE": "3840",
                  "mapred:mapreduce.job.maps": "21",
                  "mapred:mapreduce.job.reduce.slowstart.completedmaps": "0.95",
                  "mapred:mapreduce.job.reduces": "7",
                  "mapred:mapreduce.jobhistory.recovery.store.class": "org.apache.hadoop.mapreduce.v2.hs.HistoryServerLeveldbStateStoreService",
                  "mapred:mapreduce.map.cpu.vcores": "1",
                  "mapred:mapreduce.map.java.opts": "-Xmx2524m",
                  "mapred:mapreduce.map.memory.mb": "3156",
                  "mapred:mapreduce.reduce.cpu.vcores": "1",
                  "mapred:mapreduce.reduce.java.opts": "-Xmx2524m",
                  "mapred:mapreduce.reduce.memory.mb": "3156",
                  "mapred:mapreduce.task.io.sort.mb": "256",
                  "mapred:yarn.app.mapreduce.am.command-opts": "-Xmx2524m",
                  "mapred:yarn.app.mapreduce.am.resource.cpu-vcores": "1",
                  "mapred:yarn.app.mapreduce.am.resource.mb": "3156",
                  "spark-env:SPARK_DAEMON_MEMORY": "3840m",
                  "spark:spark.driver.maxResultSize": "1920m",
                  "spark:spark.driver.memory": "3840m",
                  "spark:spark.executor.cores": "2",
                  "spark:spark.executor.instances": "2",
                  "spark:spark.executor.memory": "5739m",
                  "spark:spark.executorEnv.OPENBLAS_NUM_THREADS": "1",
                  "spark:spark.scheduler.mode": "FAIR",
                  "spark:spark.sql.cbo.enabled": "true",
                  "spark:spark.ui.port": "0",
                  "spark:spark.yarn.am.memory": "640m",
                  "yarn-env:YARN_NODEMANAGER_HEAPSIZE": "1536",
                  "yarn-env:YARN_RESOURCEMANAGER_HEAPSIZE": "3840",
                  "yarn-env:YARN_TIMELINESERVER_HEAPSIZE": "3840",
                  "yarn:yarn.nodemanager.address": "0.0.0.0:8026",
                  "yarn:yarn.nodemanager.resource.cpu-vcores": "4",
                  "yarn:yarn.nodemanager.resource.memory-mb": "12624",
                  "yarn:yarn.resourcemanager.nodemanager-graceful-decommission-timeout-secs": "86400",
                  "yarn:yarn.scheduler.maximum-allocation-mb": "12624",
                  "yarn:yarn.scheduler.minimum-allocation-mb": "1",
                },
              },
              "tempBucket": "dataproc-temp-europe-north1-167984947943-0quq0oz0",
              "workerConfig": Object {
                "diskConfig": Object {
                  "bootDiskSizeGb": 500,
                  "bootDiskType": "pd-standard",
                },
                "imageUri": "https://www.googleapis.com/compute/v1/projects/cloud-dataproc/global/images/dataproc-2-0-deb10-20210711-000000-rc01",
                "instanceNames": Array [
                  "cluster-4da3-w-0",
                  "cluster-4da3-w-1",
                ],
                "machineTypeUri": "https://www.googleapis.com/compute/v1/projects/j1-gc-integration-dev-v3/zones/europe-north1-b/machineTypes/n1-standard-4",
                "minCpuPlatform": "AUTOMATIC",
                "numInstances": 2,
                "preemptibility": "NON_PREEMPTIBLE",
              },
            },
            "labels": Object {
              "goog-dataproc-cluster-name": "cluster-4da3",
              "goog-dataproc-cluster-uuid": "4180d609-2dad-45b6-bd80-5b93be7c9f7d",
              "goog-dataproc-location": "europe-north1",
            },
            "metrics": Object {
              "hdfsMetrics": Object {
                "dfs-blocks-corrupt": "0",
                "dfs-blocks-missing": "0",
                "dfs-blocks-missing-repl-one": "0",
                "dfs-blocks-pending-deletion": "0",
                "dfs-blocks-under-replication": "0",
                "dfs-capacity-present": "988035375104",
                "dfs-capacity-remaining": "988035317760",
                "dfs-capacity-total": "1056489095168",
                "dfs-capacity-used": "57344",
                "dfs-nodes-decommissioned": "0",
                "dfs-nodes-decommissioning": "0",
                "dfs-nodes-running": "2",
              },
              "yarnMetrics": Object {
                "yarn-apps-completed": "0",
                "yarn-apps-failed": "0",
                "yarn-apps-killed": "0",
                "yarn-apps-pending": "0",
                "yarn-apps-running": "0",
                "yarn-apps-submitted": "0",
                "yarn-containers-allocated": "0",
                "yarn-containers-pending": "0",
                "yarn-containers-reserved": "0",
                "yarn-memory-mb-allocated": "0",
                "yarn-memory-mb-available": "25248",
                "yarn-memory-mb-pending": "0",
                "yarn-memory-mb-reserved": "0",
                "yarn-memory-mb-total": "25248",
                "yarn-nodes-active": "2",
                "yarn-nodes-decommissioned": "0",
                "yarn-nodes-lost": "0",
                "yarn-nodes-rebooted": "0",
                "yarn-nodes-unhealthy": "0",
                "yarn-vcores-allocated": "0",
                "yarn-vcores-available": "8",
                "yarn-vcores-pending": "0",
                "yarn-vcores-reserved": "0",
                "yarn-vcores-total": "8",
              },
            },
            "projectId": "j1-gc-integration-dev-v3",
            "status": Object {
              "state": "RUNNING",
              "stateStartTime": "2021-07-20T12:50:25.270109Z",
            },
            "statusHistory": Array [
              Object {
                "state": "CREATING",
                "stateStartTime": "2021-07-20T12:47:29.568562Z",
              },
            ],
          },
        },
      ],
      "_type": "google_dataproc_cluster",
      "active": true,
      "configBucket": "dataproc-staging-europe-north1-167984947943-oqqo30p7",
      "createdOn": undefined,
      "displayName": "cluster-4da3",
      "masterConfigImageUri": "https://www.googleapis.com/compute/v1/projects/cloud-dataproc/global/images/dataproc-2-0-deb10-20210711-000000-rc01",
      "masterConfigMachineTypeUri": "https://www.googleapis.com/compute/v1/projects/j1-gc-integration-dev-v3/zones/europe-north1-b/machineTypes/n1-standard-4",
      "masterConfigMinCpuPlatform": "AUTOMATIC",
      "masterConfigNumInstances": 1,
      "masterConfigPreemptibility": "NON_PREEMPTIBLE",
      "name": "cluster-4da3",
      "networkUri": "https://www.googleapis.com/compute/v1/projects/j1-gc-integration-dev-v3/global/networks/default",
      "softwareConfigImageVersion": "2.0.13-debian10",
      "status": "RUNNING",
      "tag.goog-dataproc-cluster-name": "cluster-4da3",
      "tag.goog-dataproc-cluster-uuid": "4180d609-2dad-45b6-bd80-5b93be7c9f7d",
      "tag.goog-dataproc-location": "europe-north1",
      "tempBucket": "dataproc-temp-europe-north1-167984947943-0quq0oz0",
      "webLink": "https://console.cloud.google.com/dataproc/clusters/cluster-4da3/monitoring?region=europe-north1&project=j1-gc-integration-dev-v3",
      "workerConfigImageUri": "https://www.googleapis.com/compute/v1/projects/cloud-dataproc/global/images/dataproc-2-0-deb10-20210711-000000-rc01",
      "workerConfigMachineTypeUri": "https://www.googleapis.com/compute/v1/projects/j1-gc-integration-dev-v3/zones/europe-north1-b/machineTypes/n1-standard-4",
      "workerConfigMinCpuPlatform": "AUTOMATIC",
      "workerConfigNumInstances": 2,
      "workerConfigPreemptibility": "NON_PREEMPTIBLE",
      "zoneUri": "https://www.googleapis.com/compute/v1/projects/j1-gc-integration-dev-v3/zones/europe-north1-b",
    },
    Object {
      "_class": Array [
        "Cluster",
      ],
      "_key": "b93dfd76-8d9f-4f5a-a110-65cf0691abd0",
      "_rawData": Array [
        Object {
          "name": "default",
          "rawData": Object {
            "clusterName": "cluster-3599",
            "clusterUuid": "b93dfd76-8d9f-4f5a-a110-65cf0691abd0",
            "config": Object {
              "configBucket": "dataproc-staging-us-central1-167984947943-okmnuod7",
              "encryptionConfig": Object {},
              "endpointConfig": Object {},
              "gceClusterConfig": Object {
                "networkUri": "https://www.googleapis.com/compute/v1/projects/j1-gc-integration-dev-v3/global/networks/default",
                "serviceAccountScopes": Array [
                  "https://www.googleapis.com/auth/bigquery",
                  "https://www.googleapis.com/auth/bigtable.admin.table",
                  "https://www.googleapis.com/auth/bigtable.data",
                  "https://www.googleapis.com/auth/cloud.useraccounts.readonly",
                  "https://www.googleapis.com/auth/devstorage.full_control",
                  "https://www.googleapis.com/auth/devstorage.read_write",
                  "https://www.googleapis.com/auth/logging.write",
                ],
                "shieldedInstanceConfig": Object {},
                "zoneUri": "https://www.googleapis.com/compute/v1/projects/j1-gc-integration-dev-v3/zones/us-central1-a",
              },
              "masterConfig": Object {
                "diskConfig": Object {
                  "bootDiskSizeGb": 500,
                  "bootDiskType": "pd-standard",
                },
                "imageUri": "https://www.googleapis.com/compute/v1/projects/cloud-dataproc/global/images/dataproc-2-0-deb10-20210711-000000-rc01",
                "instanceNames": Array [
                  "cluster-3599-m",
                ],
                "machineTypeUri": "https://www.googleapis.com/compute/v1/projects/j1-gc-integration-dev-v3/zones/us-central1-a/machineTypes/n1-standard-4",
                "minCpuPlatform": "AUTOMATIC",
                "numInstances": 1,
                "preemptibility": "NON_PREEMPTIBLE",
              },
              "securityConfig": Object {
                "kerberosConfig": Object {},
              },
              "softwareConfig": Object {
                "imageVersion": "2.0.13-debian10",
                "properties": Object {
                  "capacity-scheduler:yarn.scheduler.capacity.root.default.ordering-policy": "fair",
                  "core:fs.gs.block.size": "134217728",
                  "core:fs.gs.metadata.cache.enable": "false",
                  "core:hadoop.ssl.enabled.protocols": "TLSv1,TLSv1.1,TLSv1.2",
                  "distcp:mapreduce.map.java.opts": "-Xmx768m",
                  "distcp:mapreduce.map.memory.mb": "1024",
                  "distcp:mapreduce.reduce.java.opts": "-Xmx768m",
                  "distcp:mapreduce.reduce.memory.mb": "1024",
                  "hadoop-env:HADOOP_DATANODE_OPTS": "-Xmx512m",
                  "hdfs:dfs.datanode.address": "0.0.0.0:9866",
                  "hdfs:dfs.datanode.http.address": "0.0.0.0:9864",
                  "hdfs:dfs.datanode.https.address": "0.0.0.0:9865",
                  "hdfs:dfs.datanode.ipc.address": "0.0.0.0:9867",
                  "hdfs:dfs.namenode.handler.count": "20",
                  "hdfs:dfs.namenode.http-address": "0.0.0.0:9870",
                  "hdfs:dfs.namenode.https-address": "0.0.0.0:9871",
                  "hdfs:dfs.namenode.lifeline.rpc-address": "cluster-3599-m:8050",
                  "hdfs:dfs.namenode.secondary.http-address": "0.0.0.0:9868",
                  "hdfs:dfs.namenode.secondary.https-address": "0.0.0.0:9869",
                  "hdfs:dfs.namenode.service.handler.count": "10",
                  "hdfs:dfs.namenode.servicerpc-address": "cluster-3599-m:8051",
                  "hive:hive.fetch.task.conversion": "none",
                  "mapred-env:HADOOP_JOB_HISTORYSERVER_HEAPSIZE": "3840",
                  "mapred:mapreduce.job.maps": "21",
                  "mapred:mapreduce.job.reduce.slowstart.completedmaps": "0.95",
                  "mapred:mapreduce.job.reduces": "7",
                  "mapred:mapreduce.jobhistory.recovery.store.class": "org.apache.hadoop.mapreduce.v2.hs.HistoryServerLeveldbStateStoreService",
                  "mapred:mapreduce.map.cpu.vcores": "1",
                  "mapred:mapreduce.map.java.opts": "-Xmx2524m",
                  "mapred:mapreduce.map.memory.mb": "3156",
                  "mapred:mapreduce.reduce.cpu.vcores": "1",
                  "mapred:mapreduce.reduce.java.opts": "-Xmx2524m",
                  "mapred:mapreduce.reduce.memory.mb": "3156",
                  "mapred:mapreduce.task.io.sort.mb": "256",
                  "mapred:yarn.app.mapreduce.am.command-opts": "-Xmx2524m",
                  "mapred:yarn.app.mapreduce.am.resource.cpu-vcores": "1",
                  "mapred:yarn.app.mapreduce.am.resource.mb": "3156",
                  "spark-env:SPARK_DAEMON_MEMORY": "3840m",
                  "spark:spark.driver.maxResultSize": "1920m",
                  "spark:spark.driver.memory": "3840m",
                  "spark:spark.executor.cores": "2",
                  "spark:spark.executor.instances": "2",
                  "spark:spark.executor.memory": "5739m",
                  "spark:spark.executorEnv.OPENBLAS_NUM_THREADS": "1",
                  "spark:spark.scheduler.mode": "FAIR",
                  "spark:spark.sql.cbo.enabled": "true",
                  "spark:spark.ui.port": "0",
                  "spark:spark.yarn.am.memory": "640m",
                  "yarn-env:YARN_NODEMANAGER_HEAPSIZE": "1536",
                  "yarn-env:YARN_RESOURCEMANAGER_HEAPSIZE": "3840",
                  "yarn-env:YARN_TIMELINESERVER_HEAPSIZE": "3840",
                  "yarn:yarn.nodemanager.address": "0.0.0.0:8026",
                  "yarn:yarn.nodemanager.resource.cpu-vcores": "4",
                  "yarn:yarn.nodemanager.resource.memory-mb": "12624",
                  "yarn:yarn.resourcemanager.nodemanager-graceful-decommission-timeout-secs": "86400",
                  "yarn:yarn.scheduler.maximum-allocation-mb": "12624",
                  "yarn:yarn.scheduler.minimum-allocation-mb": "1",
                },
              },
              "tempBucket": "dataproc-temp-us-central1-167984947943-c8nlqeyo",
              "workerConfig": Object {
                "diskConfig": Object {
                  "bootDiskSizeGb": 500,
                  "bootDiskType": "pd-standard",
                },
                "imageUri": "https://www.googleapis.com/compute/v1/projects/cloud-dataproc/global/images/dataproc-2-0-deb10-20210711-000000-rc01",
                "instanceNames": Array [
                  "cluster-3599-w-0",
                  "cluster-3599-w-1",
                ],
                "machineTypeUri": "https://www.googleapis.com/compute/v1/projects/j1-gc-integration-dev-v3/zones/us-central1-a/machineTypes/n1-standard-4",
                "minCpuPlatform": "AUTOMATIC",
                "numInstances": 2,
                "preemptibility": "NON_PREEMPTIBLE",
              },
            },
            "labels": Object {
              "goog-dataproc-cluster-name": "cluster-3599",
              "goog-dataproc-cluster-uuid": "b93dfd76-8d9f-4f5a-a110-65cf0691abd0",
              "goog-dataproc-location": "us-central1",
            },
            "metrics": Object {
              "hdfsMetrics": Object {
                "dfs-blocks-corrupt": "0",
                "dfs-blocks-missing": "0",
                "dfs-blocks-missing-repl-one": "0",
                "dfs-blocks-pending-deletion": "0",
                "dfs-blocks-under-replication": "0",
                "dfs-capacity-present": "988035342336",
                "dfs-capacity-remaining": "988035284992",
                "dfs-capacity-total": "1056489095168",
                "dfs-capacity-used": "57344",
                "dfs-nodes-decommissioned": "0",
                "dfs-nodes-decommissioning": "0",
                "dfs-nodes-running": "2",
              },
              "yarnMetrics": Object {
                "yarn-apps-completed": "0",
                "yarn-apps-failed": "0",
                "yarn-apps-killed": "0",
                "yarn-apps-pending": "0",
                "yarn-apps-running": "0",
                "yarn-apps-submitted": "0",
                "yarn-containers-allocated": "0",
                "yarn-containers-pending": "0",
                "yarn-containers-reserved": "0",
                "yarn-memory-mb-allocated": "0",
                "yarn-memory-mb-available": "25248",
                "yarn-memory-mb-pending": "0",
                "yarn-memory-mb-reserved": "0",
                "yarn-memory-mb-total": "25248",
                "yarn-nodes-active": "2",
                "yarn-nodes-decommissioned": "0",
                "yarn-nodes-lost": "0",
                "yarn-nodes-rebooted": "0",
                "yarn-nodes-unhealthy": "0",
                "yarn-vcores-allocated": "0",
                "yarn-vcores-available": "8",
                "yarn-vcores-pending": "0",
                "yarn-vcores-reserved": "0",
                "yarn-vcores-total": "8",
              },
            },
            "projectId": "j1-gc-integration-dev-v3",
            "status": Object {
              "state": "RUNNING",
              "stateStartTime": "2021-07-20T12:48:39.306541Z",
            },
            "statusHistory": Array [
              Object {
                "state": "CREATING",
                "stateStartTime": "2021-07-20T12:47:10.116596Z",
              },
            ],
          },
        },
      ],
      "_type": "google_dataproc_cluster",
      "active": true,
      "configBucket": "dataproc-staging-us-central1-167984947943-okmnuod7",
      "createdOn": undefined,
      "displayName": "cluster-3599",
      "masterConfigImageUri": "https://www.googleapis.com/compute/v1/projects/cloud-dataproc/global/images/dataproc-2-0-deb10-20210711-000000-rc01",
      "masterConfigMachineTypeUri": "https://www.googleapis.com/compute/v1/projects/j1-gc-integration-dev-v3/zones/us-central1-a/machineTypes/n1-standard-4",
      "masterConfigMinCpuPlatform": "AUTOMATIC",
      "masterConfigNumInstances": 1,
      "masterConfigPreemptibility": "NON_PREEMPTIBLE",
      "name": "cluster-3599",
      "networkUri": "https://www.googleapis.com/compute/v1/projects/j1-gc-integration-dev-v3/global/networks/default",
      "softwareConfigImageVersion": "2.0.13-debian10",
      "status": "RUNNING",
      "tag.goog-dataproc-cluster-name": "cluster-3599",
      "tag.goog-dataproc-cluster-uuid": "b93dfd76-8d9f-4f5a-a110-65cf0691abd0",
      "tag.goog-dataproc-location": "us-central1",
      "tempBucket": "dataproc-temp-us-central1-167984947943-c8nlqeyo",
      "webLink": "https://console.cloud.google.com/dataproc/clusters/cluster-3599/monitoring?region=us-central1&project=j1-gc-integration-dev-v3",
      "workerConfigImageUri": "https://www.googleapis.com/compute/v1/projects/cloud-dataproc/global/images/dataproc-2-0-deb10-20210711-000000-rc01",
      "workerConfigMachineTypeUri": "https://www.googleapis.com/compute/v1/projects/j1-gc-integration-dev-v3/zones/us-central1-a/machineTypes/n1-standard-4",
      "workerConfigMinCpuPlatform": "AUTOMATIC",
      "workerConfigNumInstances": 2,
      "workerConfigPreemptibility": "NON_PREEMPTIBLE",
      "zoneUri": "https://www.googleapis.com/compute/v1/projects/j1-gc-integration-dev-v3/zones/us-central1-a",
    },
  ],
  "collectedRelationships": Array [],
  "encounteredTypes": Array [
    "google_dataproc_cluster",
  ],
  "numCollectedEntities": 2,
  "numCollectedRelationships": 0,
}
`;
